----- dmesg 收集 SATA 口 SSD 固态硬盘错误日志 -----
[Sat May  6 09:12:23 2023] microcode: microcode updated early to revision 0xde, date = 2020-05-26
[Sat May  6 09:12:23 2023] Linux version 4.18.0-305.el8.x86_64 (mockbuild@x86-vm-07.build.eng.bos.redhat.com) (gcc version 8.4.1 20200928 (Red Hat 8.4.1-1) (GCC)) #1 SMP Thu Apr 29 08:54:30 EDT 2021
[Sat May  6 09:12:23 2023] Command line: BOOT_IMAGE=(hd0,msdos1)/vmlinuz-4.18.0-305.el8.x86_64 root=/dev/mapper/GLSvg-GLSroot ro reboot=pci crashkernel=auto resume=/dev/mapper/GLSvg-GLSswap rd.lvm.lv=GLSvg/GLSroot rd.lvm.lv=GLSvg/GLSswap biosdevname=0 net.ifnames=0 rhgb quiet
[Sat May  6 09:12:23 2023] x86/fpu: Supporting XSAVE feature 0x001: 'x87 floating point registers'
[Sat May  6 09:12:23 2023] x86/fpu: Supporting XSAVE feature 0x002: 'SSE registers'
[Sat May  6 09:12:23 2023] x86/fpu: Supporting XSAVE feature 0x004: 'AVX registers'
[Sat May  6 09:12:23 2023] x86/fpu: Supporting XSAVE feature 0x008: 'MPX bounds registers'
[Sat May  6 09:12:23 2023] x86/fpu: Supporting XSAVE feature 0x010: 'MPX CSR'
[Sat May  6 09:12:23 2023] x86/fpu: xstate_offset[2]:  576, xstate_sizes[2]:  256
[Sat May  6 09:12:23 2023] x86/fpu: xstate_offset[3]:  832, xstate_sizes[3]:   64
[Sat May  6 09:12:23 2023] x86/fpu: xstate_offset[4]:  896, xstate_sizes[4]:   64
[Sat May  6 09:12:23 2023] x86/fpu: Enabled xstate features 0x1f, context size is 960 bytes, using 'compacted' format.
[Sat May  6 09:12:23 2023] BIOS-provided physical RAM map:
[Sat May  6 09:12:23 2023] BIOS-e820: [mem 0x0000000000000000-0x000000000009c3ff] usable
[Sat May  6 09:12:23 2023] BIOS-e820: [mem 0x000000000009c400-0x000000000009ffff] reserved
[Sat May  6 09:12:23 2023] BIOS-e820: [mem 0x00000000000e0000-0x00000000000fffff] reserved
[Sat May  6 09:12:23 2023] BIOS-e820: [mem 0x0000000000100000-0x00000000abde1fff] usable
[Sat May  6 09:12:23 2023] BIOS-e820: [mem 0x00000000abde2000-0x00000000abde2fff] ACPI NVS
[Sat May  6 09:12:23 2023] BIOS-e820: [mem 0x00000000abde3000-0x00000000abde3fff] reserved
[Sat May  6 09:12:23 2023] BIOS-e820: [mem 0x00000000abde4000-0x00000000b97cdfff] usable
[Sat May  6 09:12:23 2023] BIOS-e820: [mem 0x00000000b97ce000-0x00000000ba2ccfff] reserved
[Sat May  6 09:12:23 2023] BIOS-e820: [mem 0x00000000ba2cd000-0x00000000ba30bfff] ACPI data
[Sat May  6 09:12:23 2023] BIOS-e820: [mem 0x00000000ba30c000-0x00000000bab23fff] ACPI NVS
[Sat May  6 09:12:23 2023] BIOS-e820: [mem 0x00000000bab24000-0x00000000bb3fdfff] reserved
[Sat May  6 09:12:23 2023] BIOS-e820: [mem 0x00000000bb3fe000-0x00000000bb3fefff] usable
[Sat May  6 09:12:23 2023] BIOS-e820: [mem 0x00000000bb3ff000-0x00000000bfffffff] reserved
[Sat May  6 09:12:23 2023] BIOS-e820: [mem 0x00000000e0000000-0x00000000efffffff] reserved
[Sat May  6 09:12:23 2023] BIOS-e820: [mem 0x00000000fe000000-0x00000000fe010fff] reserved
[Sat May  6 09:12:23 2023] BIOS-e820: [mem 0x00000000fec00000-0x00000000fec00fff] reserved
[Sat May  6 09:12:23 2023] BIOS-e820: [mem 0x00000000fed00000-0x00000000fed00fff] reserved
[Sat May  6 09:12:23 2023] BIOS-e820: [mem 0x00000000fee00000-0x00000000fee00fff] reserved
[Sat May  6 09:12:23 2023] BIOS-e820: [mem 0x00000000ff000000-0x00000000ffffffff] reserved
[Sat May  6 09:12:23 2023] BIOS-e820: [mem 0x0000000100000000-0x000000043effffff] usable
[Sat May  6 09:12:23 2023] NX (Execute Disable) protection: active
[Sat May  6 09:12:23 2023] SMBIOS 3.0.0 present.
[Sat May  6 09:12:23 2023] DMI: Colorful Technology And Development Co.,LTD Battle Axe C.B250M-E/Battle Axe C.B250M-E, BIOS 5.12 02/07/2017
[Sat May  6 09:12:23 2023] tsc: Detected 3900.000 MHz processor
[Sat May  6 09:12:23 2023] tsc: Detected 3912.000 MHz TSC
[Sat May  6 09:12:23 2023] e820: update [mem 0x00000000-0x00000fff] usable ==> reserved
[Sat May  6 09:12:23 2023] e820: remove [mem 0x000a0000-0x000fffff] usable
[Sat May  6 09:12:23 2023] last_pfn = 0x43f000 max_arch_pfn = 0x400000000
[Sat May  6 09:12:23 2023] MTRR default type: write-back
[Sat May  6 09:12:23 2023] MTRR fixed ranges enabled:
[Sat May  6 09:12:23 2023]   00000-9FFFF write-back
[Sat May  6 09:12:23 2023]   A0000-BFFFF uncachable
[Sat May  6 09:12:23 2023]   C0000-FFFFF write-protect
[Sat May  6 09:12:23 2023] MTRR variable ranges enabled:
[Sat May  6 09:12:23 2023]   0 base 00C0000000 mask 7FC0000000 uncachable
[Sat May  6 09:12:23 2023]   1 base 00BC000000 mask 7FFC000000 uncachable
[Sat May  6 09:12:23 2023]   2 base 00BB800000 mask 7FFF800000 uncachable
[Sat May  6 09:12:23 2023]   3 disabled
[Sat May  6 09:12:23 2023]   4 disabled
[Sat May  6 09:12:23 2023]   5 disabled
[Sat May  6 09:12:23 2023]   6 disabled
[Sat May  6 09:12:23 2023]   7 disabled
[Sat May  6 09:12:23 2023]   8 disabled
[Sat May  6 09:12:23 2023]   9 disabled
[Sat May  6 09:12:23 2023] x86/PAT: Configuration [0-7]: WB  WC  UC- UC  WB  WP  UC- WT  
[Sat May  6 09:12:23 2023] last_pfn = 0xbb3ff max_arch_pfn = 0x400000000
[Sat May  6 09:12:23 2023] found SMP MP-table at [mem 0x000fcbb0-0x000fcbbf]
[Sat May  6 09:12:23 2023] kexec: Reserving the low 1M of memory for crashkernel
[Sat May  6 09:12:23 2023] Using GB pages for direct mapping
[Sat May  6 09:12:23 2023] BRK [0x42401000, 0x42401fff] PGTABLE
[Sat May  6 09:12:23 2023] BRK [0x42402000, 0x42402fff] PGTABLE
[Sat May  6 09:12:23 2023] BRK [0x42403000, 0x42403fff] PGTABLE
[Sat May  6 09:12:23 2023] BRK [0x42404000, 0x42404fff] PGTABLE
[Sat May  6 09:12:23 2023] BRK [0x42405000, 0x42405fff] PGTABLE
[Sat May  6 09:12:23 2023] BRK [0x42406000, 0x42406fff] PGTABLE
[Sat May  6 09:12:23 2023] BRK [0x42407000, 0x42407fff] PGTABLE
[Sat May  6 09:12:23 2023] RAMDISK: [mem 0x33902000-0x35c78fff]
[Sat May  6 09:12:23 2023] ACPI: Early table checksum verification disabled
[Sat May  6 09:12:23 2023] ACPI: RSDP 0x00000000000F05B0 000024 (v02 ALASKA)
[Sat May  6 09:12:23 2023] ACPI: XSDT 0x00000000BA2D90B0 0000E4 (v01 ALASKA A M I    01072009 AMI  00010013)
[Sat May  6 09:12:23 2023] ACPI: FACP 0x00000000BA2FF448 000114 (v06 ALASKA A M I    01072009 AMI  00010013)
[Sat May  6 09:12:23 2023] ACPI: DSDT 0x00000000BA2D9228 02621A (v02 ALASKA A M I    01072009 INTL 20160422)
[Sat May  6 09:12:23 2023] ACPI: FACS 0x00000000BAAF3C40 000040
[Sat May  6 09:12:23 2023] ACPI: APIC 0x00000000BA2FF560 000084 (v03 ALASKA A M I    01072009 AMI  00010013)
[Sat May  6 09:12:23 2023] ACPI: FPDT 0x00000000BA2FF5E8 000044 (v01 ALASKA A M I    01072009 AMI  00010013)
[Sat May  6 09:12:23 2023] ACPI: MCFG 0x00000000BA2FF630 00003C (v01 ALASKA A M I    01072009 MSFT 00000097)
[Sat May  6 09:12:23 2023] ACPI: SSDT 0x00000000BA2FF670 0003BC (v01 SataRe SataTabl 00001000 INTL 20160422)
[Sat May  6 09:12:23 2023] ACPI: FIDT 0x00000000BA2FFA30 00009C (v01 ALASKA A M I    01072009 AMI  00010013)
[Sat May  6 09:12:23 2023] ACPI: MSDM 0x00000000BA2FFAD0 000055 (v03 ALASKA A M I    01072009 AMI  00010013)
[Sat May  6 09:12:23 2023] ACPI: SSDT 0x00000000BA2FFB28 003159 (v02 SaSsdt SaSsdt   00003000 INTL 20160422)
[Sat May  6 09:12:23 2023] ACPI: SSDT 0x00000000BA302C88 0026E8 (v02 PegSsd PegSsdt  00001000 INTL 20160422)
[Sat May  6 09:12:23 2023] ACPI: HPET 0x00000000BA305370 000038 (v01 INTEL  KBL      00000001 MSFT 0000005F)
[Sat May  6 09:12:23 2023] ACPI: SSDT 0x00000000BA3053A8 000024 (v02 INTEL  OEM_RTD3 00001000 INTL 20160422)
[Sat May  6 09:12:23 2023] ACPI: SSDT 0x00000000BA3053D0 000DE5 (v02 INTEL  Ther_Rvp 00001000 INTL 20160422)
[Sat May  6 09:12:23 2023] ACPI: SSDT 0x00000000BA3061B8 0008D1 (v02 INTEL  xh_rvp08 00000000 INTL 20160422)
[Sat May  6 09:12:23 2023] ACPI: UEFI 0x00000000BA306A90 000042 (v01 INTEL  EDK2     00000002      01000013)
[Sat May  6 09:12:23 2023] ACPI: SSDT 0x00000000BA306AD8 000EDE (v02 CpuRef CpuSsdt  00003000 INTL 20160422)
[Sat May  6 09:12:23 2023] ACPI: LPIT 0x00000000BA3079B8 000094 (v01 INTEL  KBL      00000000 MSFT 0000005F)
[Sat May  6 09:12:23 2023] ACPI: WSMT 0x00000000BA307A50 000028 (v01 INTEL  KBL      00000000 MSFT 0000005F)
[Sat May  6 09:12:23 2023] ACPI: SSDT 0x00000000BA307A78 00029F (v02 INTEL  sensrhub 00000000 INTL 20160422)
[Sat May  6 09:12:23 2023] ACPI: SSDT 0x00000000BA307D18 003002 (v02 INTEL  PtidDevc 00001000 INTL 20160422)
[Sat May  6 09:12:23 2023] ACPI: DBGP 0x00000000BA30AD20 000034 (v01 INTEL           00000002 MSFT 0000005F)
[Sat May  6 09:12:23 2023] ACPI: DBG2 0x00000000BA30AD58 000054 (v00 INTEL           00000002 MSFT 0000005F)
[Sat May  6 09:12:23 2023] ACPI: DMAR 0x00000000BA30ADB0 0000A8 (v01 INTEL  KBL      00000001 INTL 00000001)
[Sat May  6 09:12:23 2023] ACPI: TPM2 0x00000000BA30AE58 000034 (v03        Tpm2Tabl 00000001 AMI  00000000)
[Sat May  6 09:12:23 2023] ACPI: ASF! 0x00000000BA30AE90 0000A0 (v32 INTEL   HCG     00000001 TFSM 000F4240)
[Sat May  6 09:12:23 2023] ACPI: Local APIC address 0xfee00000
[Sat May  6 09:12:23 2023] No NUMA configuration found
[Sat May  6 09:12:23 2023] Faking a node at [mem 0x0000000000000000-0x000000043effffff]
[Sat May  6 09:12:23 2023] NODE_DATA(0) allocated [mem 0x43efd4000-0x43effdfff]
[Sat May  6 09:12:23 2023] Using crashkernel=auto, the size chosen is a best effort estimation.
[Sat May  6 09:12:23 2023] Reserving 192MB of memory at 2768MB for crashkernel (System RAM: 16263MB)
[Sat May  6 09:12:23 2023] Zone ranges:
[Sat May  6 09:12:23 2023]   DMA      [mem 0x0000000000001000-0x0000000000ffffff]
[Sat May  6 09:12:23 2023]   DMA32    [mem 0x0000000001000000-0x00000000ffffffff]
[Sat May  6 09:12:23 2023]   Normal   [mem 0x0000000100000000-0x000000043effffff]
[Sat May  6 09:12:23 2023]   Device   empty
[Sat May  6 09:12:23 2023] Movable zone start for each node
[Sat May  6 09:12:23 2023] Early memory node ranges
[Sat May  6 09:12:23 2023]   node   0: [mem 0x0000000000001000-0x000000000009bfff]
[Sat May  6 09:12:23 2023]   node   0: [mem 0x0000000000100000-0x00000000abde1fff]
[Sat May  6 09:12:23 2023]   node   0: [mem 0x00000000abde4000-0x00000000b97cdfff]
[Sat May  6 09:12:23 2023]   node   0: [mem 0x00000000bb3fe000-0x00000000bb3fefff]
[Sat May  6 09:12:23 2023]   node   0: [mem 0x0000000100000000-0x000000043effffff]
[Sat May  6 09:12:23 2023] Zeroed struct page in unavailable ranges: 30872 pages
[Sat May  6 09:12:23 2023] Initmem setup node 0 [mem 0x0000000000001000-0x000000043effffff]
[Sat May  6 09:12:23 2023] On node 0 totalpages: 4163432
[Sat May  6 09:12:23 2023]   DMA zone: 64 pages used for memmap
[Sat May  6 09:12:23 2023]   DMA zone: 155 pages reserved
[Sat May  6 09:12:23 2023]   DMA zone: 3995 pages, LIFO batch:0
[Sat May  6 09:12:23 2023]   DMA32 zone: 11808 pages used for memmap
[Sat May  6 09:12:23 2023]   DMA32 zone: 755661 pages, LIFO batch:63
[Sat May  6 09:12:23 2023]   Normal zone: 53184 pages used for memmap
[Sat May  6 09:12:23 2023]   Normal zone: 3403776 pages, LIFO batch:63
[Sat May  6 09:12:23 2023] Reserving Intel graphics memory at [mem 0xbc000000-0xbfffffff]
[Sat May  6 09:12:23 2023] ACPI: PM-Timer IO Port: 0x1808
[Sat May  6 09:12:23 2023] ACPI: Local APIC address 0xfee00000
[Sat May  6 09:12:23 2023] ACPI: LAPIC_NMI (acpi_id[0x01] high edge lint[0x1])
[Sat May  6 09:12:23 2023] ACPI: LAPIC_NMI (acpi_id[0x02] high edge lint[0x1])
[Sat May  6 09:12:23 2023] ACPI: LAPIC_NMI (acpi_id[0x03] high edge lint[0x1])
[Sat May  6 09:12:23 2023] ACPI: LAPIC_NMI (acpi_id[0x04] high edge lint[0x1])
[Sat May  6 09:12:23 2023] IOAPIC[0]: apic_id 2, version 32, address 0xfec00000, GSI 0-119
[Sat May  6 09:12:23 2023] ACPI: INT_SRC_OVR (bus 0 bus_irq 0 global_irq 2 dfl dfl)
[Sat May  6 09:12:23 2023] ACPI: INT_SRC_OVR (bus 0 bus_irq 9 global_irq 9 high level)
[Sat May  6 09:12:23 2023] ACPI: IRQ0 used by override.
[Sat May  6 09:12:23 2023] ACPI: IRQ9 used by override.
[Sat May  6 09:12:23 2023] Using ACPI (MADT) for SMP configuration information
[Sat May  6 09:12:23 2023] ACPI: HPET id: 0x8086a201 base: 0xfed00000
[Sat May  6 09:12:23 2023] smpboot: Allowing 4 CPUs, 0 hotplug CPUs
[Sat May  6 09:12:23 2023] PM: Registered nosave memory: [mem 0x00000000-0x00000fff]
[Sat May  6 09:12:23 2023] PM: Registered nosave memory: [mem 0x0009c000-0x0009cfff]
[Sat May  6 09:12:23 2023] PM: Registered nosave memory: [mem 0x0009d000-0x0009ffff]
[Sat May  6 09:12:23 2023] PM: Registered nosave memory: [mem 0x000a0000-0x000dffff]
[Sat May  6 09:12:23 2023] PM: Registered nosave memory: [mem 0x000e0000-0x000fffff]
[Sat May  6 09:12:23 2023] PM: Registered nosave memory: [mem 0xabde2000-0xabde2fff]
[Sat May  6 09:12:23 2023] PM: Registered nosave memory: [mem 0xabde3000-0xabde3fff]
[Sat May  6 09:12:23 2023] PM: Registered nosave memory: [mem 0xb97ce000-0xba2ccfff]
[Sat May  6 09:12:23 2023] PM: Registered nosave memory: [mem 0xba2cd000-0xba30bfff]
[Sat May  6 09:12:23 2023] PM: Registered nosave memory: [mem 0xba30c000-0xbab23fff]
[Sat May  6 09:12:23 2023] PM: Registered nosave memory: [mem 0xbab24000-0xbb3fdfff]
[Sat May  6 09:12:23 2023] PM: Registered nosave memory: [mem 0xbb3ff000-0xbfffffff]
[Sat May  6 09:12:23 2023] PM: Registered nosave memory: [mem 0xc0000000-0xdfffffff]
[Sat May  6 09:12:23 2023] PM: Registered nosave memory: [mem 0xe0000000-0xefffffff]
[Sat May  6 09:12:23 2023] PM: Registered nosave memory: [mem 0xf0000000-0xfdffffff]
[Sat May  6 09:12:23 2023] PM: Registered nosave memory: [mem 0xfe000000-0xfe010fff]
[Sat May  6 09:12:23 2023] PM: Registered nosave memory: [mem 0xfe011000-0xfebfffff]
[Sat May  6 09:12:23 2023] PM: Registered nosave memory: [mem 0xfec00000-0xfec00fff]
[Sat May  6 09:12:23 2023] PM: Registered nosave memory: [mem 0xfec01000-0xfecfffff]
[Sat May  6 09:12:23 2023] PM: Registered nosave memory: [mem 0xfed00000-0xfed00fff]
[Sat May  6 09:12:23 2023] PM: Registered nosave memory: [mem 0xfed01000-0xfedfffff]
[Sat May  6 09:12:23 2023] PM: Registered nosave memory: [mem 0xfee00000-0xfee00fff]
[Sat May  6 09:12:23 2023] PM: Registered nosave memory: [mem 0xfee01000-0xfeffffff]
[Sat May  6 09:12:23 2023] PM: Registered nosave memory: [mem 0xff000000-0xffffffff]
[Sat May  6 09:12:23 2023] [mem 0xc0000000-0xdfffffff] available for PCI devices
[Sat May  6 09:12:23 2023] Booting paravirtualized kernel on bare hardware
[Sat May  6 09:12:23 2023] clocksource: refined-jiffies: mask: 0xffffffff max_cycles: 0xffffffff, max_idle_ns: 1910969940391419 ns
[Sat May  6 09:12:23 2023] setup_percpu: NR_CPUS:8192 nr_cpumask_bits:4 nr_cpu_ids:4 nr_node_ids:1
[Sat May  6 09:12:23 2023] percpu: Embedded 54 pages/cpu s184320 r8192 d28672 u524288
[Sat May  6 09:12:23 2023] pcpu-alloc: s184320 r8192 d28672 u524288 alloc=1*2097152
[Sat May  6 09:12:23 2023] pcpu-alloc: [0] 0 1 2 3 
[Sat May  6 09:12:23 2023] Built 1 zonelists, mobility grouping on.  Total pages: 4098221
[Sat May  6 09:12:23 2023] Policy zone: Normal
[Sat May  6 09:12:23 2023] Kernel command line: BOOT_IMAGE=(hd0,msdos1)/vmlinuz-4.18.0-305.el8.x86_64 root=/dev/mapper/GLSvg-GLSroot ro reboot=pci crashkernel=auto resume=/dev/mapper/GLSvg-GLSswap rd.lvm.lv=GLSvg/GLSroot rd.lvm.lv=GLSvg/GLSswap biosdevname=0 net.ifnames=0 rhgb quiet
[Sat May  6 09:12:23 2023] Specific versions of hardware are certified with Red Hat Enterprise Linux 8. Please see the list of hardware certified with Red Hat Enterprise Linux 8 at https://catalog.redhat.com.
[Sat May  6 09:12:23 2023] Memory: 2825508K/16653728K available (12293K kernel code, 2225K rwdata, 7708K rodata, 2480K init, 14048K bss, 607836K reserved, 0K cma-reserved)
[Sat May  6 09:12:23 2023] SLUB: HWalign=64, Order=0-3, MinObjects=0, CPUs=4, Nodes=1
[Sat May  6 09:12:23 2023] Kernel/User page tables isolation: enabled
[Sat May  6 09:12:23 2023] ftrace: allocating 38570 entries in 151 pages
[Sat May  6 09:12:23 2023] ftrace: allocated 151 pages with 5 groups
[Sat May  6 09:12:23 2023] rcu: Hierarchical RCU implementation.
[Sat May  6 09:12:23 2023] rcu: 	RCU restricting CPUs from NR_CPUS=8192 to nr_cpu_ids=4.
[Sat May  6 09:12:23 2023] rcu: RCU calculated value of scheduler-enlistment delay is 100 jiffies.
[Sat May  6 09:12:23 2023] rcu: Adjusting geometry for rcu_fanout_leaf=16, nr_cpu_ids=4
[Sat May  6 09:12:23 2023] NR_IRQS: 524544, nr_irqs: 1024, preallocated irqs: 16
[Sat May  6 09:12:23 2023] random: crng done (trusting CPU's manufacturer)
[Sat May  6 09:12:23 2023] Console: colour VGA+ 80x25
[Sat May  6 09:12:23 2023] printk: console [tty0] enabled
[Sat May  6 09:12:23 2023] ACPI: Core revision 20200925
[Sat May  6 09:12:23 2023] clocksource: hpet: mask: 0xffffffff max_cycles: 0xffffffff, max_idle_ns: 79635855245 ns
[Sat May  6 09:12:23 2023] hpet clockevent registered
[Sat May  6 09:12:23 2023] APIC: Switch to symmetric I/O mode setup
[Sat May  6 09:12:23 2023] DMAR: Host address width 39
[Sat May  6 09:12:23 2023] DMAR: DRHD base: 0x000000fed90000 flags: 0x0
[Sat May  6 09:12:23 2023] DMAR: dmar0: reg_base_addr fed90000 ver 1:0 cap 1c0000c40660462 ecap 19e2ff0505e
[Sat May  6 09:12:23 2023] DMAR: DRHD base: 0x000000fed91000 flags: 0x1
[Sat May  6 09:12:23 2023] DMAR: dmar1: reg_base_addr fed91000 ver 1:0 cap d2008c40660462 ecap f050da
[Sat May  6 09:12:23 2023] DMAR: RMRR base: 0x000000b9c1a000 end: 0x000000b9c39fff
[Sat May  6 09:12:23 2023] DMAR: RMRR base: 0x000000bb800000 end: 0x000000bfffffff
[Sat May  6 09:12:23 2023] DMAR-IR: IOAPIC id 2 under DRHD base  0xfed91000 IOMMU 1
[Sat May  6 09:12:23 2023] DMAR-IR: HPET id 0 under DRHD base 0xfed91000
[Sat May  6 09:12:23 2023] DMAR-IR: Queued invalidation will be enabled to support x2apic and Intr-remapping.
[Sat May  6 09:12:23 2023] DMAR-IR: Enabled IRQ remapping in x2apic mode
[Sat May  6 09:12:23 2023] x2apic enabled
[Sat May  6 09:12:23 2023] Switched APIC routing to cluster x2apic.
[Sat May  6 09:12:23 2023] ..TIMER: vector=0x30 apic1=0 pin1=2 apic2=-1 pin2=-1
[Sat May  6 09:12:23 2023] clocksource: tsc-early: mask: 0xffffffffffffffff max_cycles: 0x70c747804da, max_idle_ns: 881591211608 ns
[Sat May  6 09:12:23 2023] Calibrating delay loop (skipped), value calculated using timer frequency.. 7824.00 BogoMIPS (lpj=3912000)
[Sat May  6 09:12:23 2023] pid_max: default: 32768 minimum: 301
[Sat May  6 09:12:23 2023] Security Framework initialized
[Sat May  6 09:12:23 2023] Yama: becoming mindful.
[Sat May  6 09:12:23 2023] SELinux:  Initializing.
[Sat May  6 09:12:23 2023] Dentry cache hash table entries: 2097152 (order: 12, 16777216 bytes)
[Sat May  6 09:12:23 2023] Inode-cache hash table entries: 1048576 (order: 11, 8388608 bytes)
[Sat May  6 09:12:23 2023] Mount-cache hash table entries: 32768 (order: 6, 262144 bytes)
[Sat May  6 09:12:23 2023] Mountpoint-cache hash table entries: 32768 (order: 6, 262144 bytes)
[Sat May  6 09:12:23 2023] ENERGY_PERF_BIAS: Set to 'normal', was 'performance'
[Sat May  6 09:12:23 2023] ENERGY_PERF_BIAS: View and update with x86_energy_perf_policy(8)
[Sat May  6 09:12:23 2023] CPU0: Thermal monitoring enabled (TM1)
[Sat May  6 09:12:23 2023] process: using mwait in idle threads
[Sat May  6 09:12:23 2023] Last level iTLB entries: 4KB 64, 2MB 8, 4MB 8
[Sat May  6 09:12:23 2023] Last level dTLB entries: 4KB 64, 2MB 0, 4MB 0, 1GB 4
[Sat May  6 09:12:23 2023] FEATURE SPEC_CTRL Present
[Sat May  6 09:12:23 2023] FEATURE IBPB_SUPPORT Present
[Sat May  6 09:12:23 2023] Spectre V1 : Mitigation: usercopy/swapgs barriers and __user pointer sanitization
[Sat May  6 09:12:23 2023] Spectre V2 : Using retpoline on Skylake-generation processors may not fully mitigate the vulnerability.
[Sat May  6 09:12:23 2023] Spectre V2 : Add the "spectre_v2=ibrs" kernel boot flag to enable IBRS on Skylake systems that need full mitigation.
[Sat May  6 09:12:23 2023] Spectre V2 : Mitigation: Full generic retpoline
[Sat May  6 09:12:23 2023] Spectre V2 : Spectre v2 / SpectreRSB mitigation: Filling RSB on context switch
[Sat May  6 09:12:23 2023] Spectre V2 : Enabling Restricted Speculation for firmware calls
[Sat May  6 09:12:23 2023] Spectre V2 : mitigation: Enabling conditional Indirect Branch Prediction Barrier
[Sat May  6 09:12:23 2023] Spectre V2 : User space: Mitigation: STIBP via seccomp and prctl
[Sat May  6 09:12:23 2023] Speculative Store Bypass: Mitigation: Speculative Store Bypass disabled via prctl and seccomp
[Sat May  6 09:12:23 2023] SRBDS: Mitigation: Microcode
[Sat May  6 09:12:23 2023] MDS: Mitigation: Clear CPU buffers
[Sat May  6 09:12:23 2023] Freeing SMP alternatives memory: 32K
[Sat May  6 09:12:23 2023] TSC deadline timer enabled
[Sat May  6 09:12:23 2023] smpboot: CPU0: Intel(R) Core(TM) i3-7100 CPU @ 3.90GHz (family: 0x6, model: 0x9e, stepping: 0x9)
[Sat May  6 09:12:23 2023] Performance Events: PEBS fmt3+, Skylake events, 32-deep LBR, full-width counters, Intel PMU driver.
[Sat May  6 09:12:23 2023] ... version:                4
[Sat May  6 09:12:23 2023] ... bit width:              48
[Sat May  6 09:12:23 2023] ... generic registers:      4
[Sat May  6 09:12:23 2023] ... value mask:             0000ffffffffffff
[Sat May  6 09:12:23 2023] ... max period:             00007fffffffffff
[Sat May  6 09:12:23 2023] ... fixed-purpose events:   3
[Sat May  6 09:12:23 2023] ... event mask:             000000070000000f
[Sat May  6 09:12:23 2023] rcu: Hierarchical SRCU implementation.
[Sat May  6 09:12:23 2023] NMI watchdog: Enabled. Permanently consumes one hw-PMU counter.
[Sat May  6 09:12:23 2023] smp: Bringing up secondary CPUs ...
[Sat May  6 09:12:23 2023] x86: Booting SMP configuration:
[Sat May  6 09:12:23 2023] .... node  #0, CPUs:      #1 #2
[Sat May  6 09:12:23 2023] MDS CPU bug present and SMT on, data leak possible. See https://www.kernel.org/doc/html/latest/admin-guide/hw-vuln/mds.html for more details.
[Sat May  6 09:12:23 2023]  #3
[Sat May  6 09:12:23 2023] smp: Brought up 1 node, 4 CPUs
[Sat May  6 09:12:23 2023] smpboot: Max logical packages: 1
[Sat May  6 09:12:23 2023] smpboot: Total of 4 processors activated (31296.00 BogoMIPS)
[Sat May  6 09:12:23 2023] node 0 deferred pages initialised in 30ms
[Sat May  6 09:12:23 2023] devtmpfs: initialized
[Sat May  6 09:12:23 2023] x86/mm: Memory block size: 128MB
[Sat May  6 09:12:23 2023] PM: Registering ACPI NVS region [mem 0xabde2000-0xabde2fff] (4096 bytes)
[Sat May  6 09:12:23 2023] PM: Registering ACPI NVS region [mem 0xba30c000-0xbab23fff] (8486912 bytes)
[Sat May  6 09:12:23 2023] clocksource: jiffies: mask: 0xffffffff max_cycles: 0xffffffff, max_idle_ns: 1911260446275000 ns
[Sat May  6 09:12:23 2023] futex hash table entries: 1024 (order: 4, 65536 bytes)
[Sat May  6 09:12:23 2023] pinctrl core: initialized pinctrl subsystem
[Sat May  6 09:12:23 2023] NET: Registered protocol family 16
[Sat May  6 09:12:23 2023] DMA: preallocated 2048 KiB GFP_KERNEL pool for atomic allocations
[Sat May  6 09:12:23 2023] DMA: preallocated 2048 KiB GFP_KERNEL|GFP_DMA pool for atomic allocations
[Sat May  6 09:12:23 2023] DMA: preallocated 2048 KiB GFP_KERNEL|GFP_DMA32 pool for atomic allocations
[Sat May  6 09:12:23 2023] audit: initializing netlink subsys (disabled)
[Sat May  6 09:12:23 2023] audit: type=2000 audit(1683364315.051:1): state=initialized audit_enabled=0 res=1
[Sat May  6 09:12:23 2023] cpuidle: using governor menu
[Sat May  6 09:12:23 2023] ACPI FADT declares the system doesn't support PCIe ASPM, so disable it
[Sat May  6 09:12:23 2023] ACPI: bus type PCI registered
[Sat May  6 09:12:23 2023] acpiphp: ACPI Hot Plug PCI Controller Driver version: 0.5
[Sat May  6 09:12:23 2023] PCI: MMCONFIG for domain 0000 [bus 00-ff] at [mem 0xe0000000-0xefffffff] (base 0xe0000000)
[Sat May  6 09:12:23 2023] PCI: MMCONFIG at [mem 0xe0000000-0xefffffff] reserved in E820
[Sat May  6 09:12:23 2023] PCI: Using configuration type 1 for base access
[Sat May  6 09:12:23 2023] HugeTLB registered 1.00 GiB page size, pre-allocated 0 pages
[Sat May  6 09:12:23 2023] HugeTLB registered 2.00 MiB page size, pre-allocated 0 pages
[Sat May  6 09:12:23 2023] cryptd: max_cpu_qlen set to 1000
[Sat May  6 09:12:23 2023] ACPI: Added _OSI(Module Device)
[Sat May  6 09:12:23 2023] ACPI: Added _OSI(Processor Device)
[Sat May  6 09:12:23 2023] ACPI: Added _OSI(3.0 _SCP Extensions)
[Sat May  6 09:12:23 2023] ACPI: Added _OSI(Processor Aggregator Device)
[Sat May  6 09:12:23 2023] ACPI: Added _OSI(Linux-Dell-Video)
[Sat May  6 09:12:23 2023] ACPI: Added _OSI(Linux-Lenovo-NV-HDMI-Audio)
[Sat May  6 09:12:23 2023] ACPI: Added _OSI(Linux-HPI-Hybrid-Graphics)
[Sat May  6 09:12:23 2023] ACPI: 10 ACPI AML tables successfully acquired and loaded
[Sat May  6 09:12:23 2023] ACPI: [Firmware Bug]: BIOS _OSI(Linux) query ignored
[Sat May  6 09:12:23 2023] ACPI: Dynamic OEM Table Load:
[Sat May  6 09:12:23 2023] ACPI: SSDT 0xFFFF94C245E49000 00079B (v02 PmRef  Cpu0Ist  00003000 INTL 20160422)
[Sat May  6 09:12:23 2023] ACPI: \_PR_.CPU0: _OSC native thermal LVT Acked
[Sat May  6 09:12:23 2023] ACPI: Dynamic OEM Table Load:
[Sat May  6 09:12:23 2023] ACPI: SSDT 0xFFFF94C245D05800 0003FF (v02 PmRef  Cpu0Cst  00003001 INTL 20160422)
[Sat May  6 09:12:23 2023] ACPI: Dynamic OEM Table Load:
[Sat May  6 09:12:23 2023] ACPI: SSDT 0xFFFF94C245E4B000 00065C (v02 PmRef  ApIst    00003000 INTL 20160422)
[Sat May  6 09:12:23 2023] ACPI: Dynamic OEM Table Load:
[Sat May  6 09:12:23 2023] ACPI: SSDT 0xFFFF94C567F38200 00018A (v02 PmRef  ApCst    00003000 INTL 20160422)
[Sat May  6 09:12:23 2023] ACPI: Interpreter enabled
[Sat May  6 09:12:23 2023] ACPI: (supports S0 S3 S4 S5)
[Sat May  6 09:12:23 2023] ACPI: Using IOAPIC for interrupt routing
[Sat May  6 09:12:23 2023] PCI: Using host bridge windows from ACPI; if necessary, use "pci=nocrs" and report a bug
[Sat May  6 09:12:23 2023] ACPI: Enabled 6 GPEs in block 00 to 7F
[Sat May  6 09:12:23 2023] ACPI: Power Resource [PG00] (on)
[Sat May  6 09:12:23 2023] ACPI: Power Resource [PG01] (on)
[Sat May  6 09:12:23 2023] ACPI: Power Resource [PG02] (on)
[Sat May  6 09:12:23 2023] ACPI: Power Resource [WRST] (on)
[Sat May  6 09:12:23 2023] ACPI: Power Resource [WRST] (on)
[Sat May  6 09:12:23 2023] ACPI: Power Resource [WRST] (on)
[Sat May  6 09:12:23 2023] ACPI: Power Resource [WRST] (on)
[Sat May  6 09:12:23 2023] ACPI: Power Resource [WRST] (on)
[Sat May  6 09:12:23 2023] ACPI: Power Resource [WRST] (on)
[Sat May  6 09:12:23 2023] ACPI: Power Resource [WRST] (on)
[Sat May  6 09:12:23 2023] ACPI: Power Resource [WRST] (on)
[Sat May  6 09:12:23 2023] ACPI: Power Resource [WRST] (on)
[Sat May  6 09:12:23 2023] ACPI: Power Resource [WRST] (on)
[Sat May  6 09:12:23 2023] ACPI: Power Resource [WRST] (on)
[Sat May  6 09:12:23 2023] ACPI: Power Resource [WRST] (on)
[Sat May  6 09:12:23 2023] ACPI: Power Resource [WRST] (on)
[Sat May  6 09:12:23 2023] ACPI: Power Resource [WRST] (on)
[Sat May  6 09:12:23 2023] ACPI: Power Resource [WRST] (on)
[Sat May  6 09:12:23 2023] ACPI: Power Resource [WRST] (on)
[Sat May  6 09:12:23 2023] ACPI: Power Resource [WRST] (on)
[Sat May  6 09:12:23 2023] ACPI: Power Resource [WRST] (on)
[Sat May  6 09:12:23 2023] ACPI: Power Resource [WRST] (on)
[Sat May  6 09:12:23 2023] ACPI: Power Resource [WRST] (on)
[Sat May  6 09:12:23 2023] ACPI: Power Resource [FN00] (off)
[Sat May  6 09:12:23 2023] ACPI: Power Resource [FN01] (off)
[Sat May  6 09:12:23 2023] ACPI: Power Resource [FN02] (off)
[Sat May  6 09:12:23 2023] ACPI: Power Resource [FN03] (off)
[Sat May  6 09:12:23 2023] ACPI: Power Resource [FN04] (off)
[Sat May  6 09:12:23 2023] ACPI: PCI Root Bridge [PCI0] (domain 0000 [bus 00-fe])
[Sat May  6 09:12:23 2023] acpi PNP0A08:00: _OSC: OS supports [ExtendedConfig ASPM ClockPM Segments MSI EDR HPX-Type3]
[Sat May  6 09:12:23 2023] acpi PNP0A08:00: _OSC: platform does not support [PCIeHotplug SHPCHotplug PME]
[Sat May  6 09:12:23 2023] acpi PNP0A08:00: _OSC: OS now controls [AER PCIeCapability LTR DPC]
[Sat May  6 09:12:23 2023] acpi PNP0A08:00: FADT indicates ASPM is unsupported, using BIOS configuration
[Sat May  6 09:12:23 2023] PCI host bridge to bus 0000:00
[Sat May  6 09:12:23 2023] pci_bus 0000:00: root bus resource [io  0x0000-0x0cf7 window]
[Sat May  6 09:12:23 2023] pci_bus 0000:00: root bus resource [io  0x0d00-0xffff window]
[Sat May  6 09:12:23 2023] pci_bus 0000:00: root bus resource [mem 0x000a0000-0x000bffff window]
[Sat May  6 09:12:23 2023] pci_bus 0000:00: root bus resource [mem 0xc0000000-0xdfffffff window]
[Sat May  6 09:12:23 2023] pci_bus 0000:00: root bus resource [mem 0xfd000000-0xfe7fffff window]
[Sat May  6 09:12:23 2023] pci_bus 0000:00: root bus resource [bus 00-fe]
[Sat May  6 09:12:23 2023] pci 0000:00:00.0: [8086:590f] type 00 class 0x060000
[Sat May  6 09:12:23 2023] pci 0000:00:02.0: [8086:5912] type 00 class 0x030000
[Sat May  6 09:12:23 2023] pci 0000:00:02.0: reg 0x10: [mem 0xde000000-0xdeffffff 64bit]
[Sat May  6 09:12:23 2023] pci 0000:00:02.0: reg 0x18: [mem 0xc0000000-0xcfffffff 64bit pref]
[Sat May  6 09:12:23 2023] pci 0000:00:02.0: reg 0x20: [io  0xf000-0xf03f]
[Sat May  6 09:12:23 2023] pci 0000:00:08.0: [8086:1911] type 00 class 0x088000
[Sat May  6 09:12:23 2023] pci 0000:00:08.0: reg 0x10: [mem 0xdf12f000-0xdf12ffff 64bit]
[Sat May  6 09:12:23 2023] pci 0000:00:14.0: [8086:a2af] type 00 class 0x0c0330
[Sat May  6 09:12:23 2023] pci 0000:00:14.0: reg 0x10: [mem 0xdf110000-0xdf11ffff 64bit]
[Sat May  6 09:12:23 2023] pci 0000:00:14.0: PME# supported from D3hot D3cold
[Sat May  6 09:12:23 2023] pci 0000:00:14.2: [8086:a2b1] type 00 class 0x118000
[Sat May  6 09:12:23 2023] pci 0000:00:14.2: reg 0x10: [mem 0xdf12e000-0xdf12efff 64bit]
[Sat May  6 09:12:23 2023] pci 0000:00:16.0: [8086:a2ba] type 00 class 0x078000
[Sat May  6 09:12:23 2023] pci 0000:00:16.0: reg 0x10: [mem 0xdf12d000-0xdf12dfff 64bit]
[Sat May  6 09:12:23 2023] pci 0000:00:16.0: PME# supported from D3hot
[Sat May  6 09:12:23 2023] pci 0000:00:17.0: [8086:a282] type 00 class 0x010601
[Sat May  6 09:12:23 2023] pci 0000:00:17.0: reg 0x10: [mem 0xdf128000-0xdf129fff]
[Sat May  6 09:12:23 2023] pci 0000:00:17.0: reg 0x14: [mem 0xdf12c000-0xdf12c0ff]
[Sat May  6 09:12:23 2023] pci 0000:00:17.0: reg 0x18: [io  0xf090-0xf097]
[Sat May  6 09:12:23 2023] pci 0000:00:17.0: reg 0x1c: [io  0xf080-0xf083]
[Sat May  6 09:12:23 2023] pci 0000:00:17.0: reg 0x20: [io  0xf060-0xf07f]
[Sat May  6 09:12:23 2023] pci 0000:00:17.0: reg 0x24: [mem 0xdf12b000-0xdf12b7ff]
[Sat May  6 09:12:23 2023] pci 0000:00:17.0: PME# supported from D3hot
[Sat May  6 09:12:23 2023] pci 0000:00:1c.0: [8086:a294] type 01 class 0x060400
[Sat May  6 09:12:23 2023] pci 0000:00:1c.0: PME# supported from D0 D3hot D3cold
[Sat May  6 09:12:23 2023] pci 0000:00:1f.0: [8086:a2c8] type 00 class 0x060100
[Sat May  6 09:12:23 2023] pci 0000:00:1f.2: [8086:a2a1] type 00 class 0x058000
[Sat May  6 09:12:23 2023] pci 0000:00:1f.2: reg 0x10: [mem 0xdf124000-0xdf127fff]
[Sat May  6 09:12:23 2023] pci 0000:00:1f.3: [8086:a2f0] type 00 class 0x040300
[Sat May  6 09:12:23 2023] pci 0000:00:1f.3: reg 0x10: [mem 0xdf120000-0xdf123fff 64bit]
[Sat May  6 09:12:23 2023] pci 0000:00:1f.3: reg 0x20: [mem 0xdf100000-0xdf10ffff 64bit]
[Sat May  6 09:12:23 2023] pci 0000:00:1f.3: PME# supported from D3hot D3cold
[Sat May  6 09:12:23 2023] pci 0000:00:1f.4: [8086:a2a3] type 00 class 0x0c0500
[Sat May  6 09:12:23 2023] pci 0000:00:1f.4: reg 0x10: [mem 0xdf12a000-0xdf12a0ff 64bit]
[Sat May  6 09:12:23 2023] pci 0000:00:1f.4: reg 0x20: [io  0xf040-0xf05f]
[Sat May  6 09:12:23 2023] pci 0000:01:00.0: [10ec:8168] type 00 class 0x020000
[Sat May  6 09:12:23 2023] pci 0000:01:00.0: reg 0x10: [io  0xe000-0xe0ff]
[Sat May  6 09:12:23 2023] pci 0000:01:00.0: reg 0x18: [mem 0xdf004000-0xdf004fff 64bit]
[Sat May  6 09:12:23 2023] pci 0000:01:00.0: reg 0x20: [mem 0xdf000000-0xdf003fff 64bit]
[Sat May  6 09:12:23 2023] pci 0000:01:00.0: supports D1 D2
[Sat May  6 09:12:23 2023] pci 0000:01:00.0: PME# supported from D0 D1 D2 D3hot D3cold
[Sat May  6 09:12:23 2023] pci 0000:00:1c.0: PCI bridge to [bus 01]
[Sat May  6 09:12:23 2023] pci 0000:00:1c.0:   bridge window [io  0xe000-0xefff]
[Sat May  6 09:12:23 2023] pci 0000:00:1c.0:   bridge window [mem 0xdf000000-0xdf0fffff]
[Sat May  6 09:12:23 2023] ACPI: PCI Interrupt Link [LNKA] (IRQs 3 4 5 6 10 *11 12 14 15)
[Sat May  6 09:12:23 2023] ACPI: PCI Interrupt Link [LNKB] (IRQs 3 4 5 6 *10 11 12 14 15)
[Sat May  6 09:12:23 2023] ACPI: PCI Interrupt Link [LNKC] (IRQs 3 4 5 6 10 *11 12 14 15)
[Sat May  6 09:12:23 2023] ACPI: PCI Interrupt Link [LNKD] (IRQs 3 4 5 6 10 *11 12 14 15)
[Sat May  6 09:12:23 2023] ACPI: PCI Interrupt Link [LNKE] (IRQs 3 4 5 6 10 *11 12 14 15)
[Sat May  6 09:12:23 2023] ACPI: PCI Interrupt Link [LNKF] (IRQs 3 4 5 6 10 *11 12 14 15)
[Sat May  6 09:12:23 2023] ACPI: PCI Interrupt Link [LNKG] (IRQs 3 4 5 6 10 *11 12 14 15)
[Sat May  6 09:12:23 2023] ACPI: PCI Interrupt Link [LNKH] (IRQs 3 4 5 6 10 *11 12 14 15)
[Sat May  6 09:12:23 2023] iommu: Default domain type: Passthrough 
[Sat May  6 09:12:23 2023] pci 0000:00:02.0: vgaarb: setting as boot VGA device
[Sat May  6 09:12:23 2023] pci 0000:00:02.0: vgaarb: VGA device added: decodes=io+mem,owns=io+mem,locks=none
[Sat May  6 09:12:23 2023] pci 0000:00:02.0: vgaarb: bridge control possible
[Sat May  6 09:12:23 2023] vgaarb: loaded
[Sat May  6 09:12:23 2023] SCSI subsystem initialized
[Sat May  6 09:12:23 2023] ACPI: bus type USB registered
[Sat May  6 09:12:23 2023] usbcore: registered new interface driver usbfs
[Sat May  6 09:12:23 2023] usbcore: registered new interface driver hub
[Sat May  6 09:12:23 2023] usbcore: registered new device driver usb
[Sat May  6 09:12:23 2023] pps_core: LinuxPPS API ver. 1 registered
[Sat May  6 09:12:23 2023] pps_core: Software ver. 5.3.6 - Copyright 2005-2007 Rodolfo Giometti <giometti@linux.it>
[Sat May  6 09:12:23 2023] PTP clock support registered
[Sat May  6 09:12:23 2023] EDAC MC: Ver: 3.0.0
[Sat May  6 09:12:23 2023] PCI: Using ACPI for IRQ routing
[Sat May  6 09:12:23 2023] PCI: pci_cache_line_size set to 64 bytes
[Sat May  6 09:12:23 2023] e820: reserve RAM buffer [mem 0x0009c400-0x0009ffff]
[Sat May  6 09:12:23 2023] e820: reserve RAM buffer [mem 0xabde2000-0xabffffff]
[Sat May  6 09:12:23 2023] e820: reserve RAM buffer [mem 0xb97ce000-0xbbffffff]
[Sat May  6 09:12:23 2023] e820: reserve RAM buffer [mem 0xbb3ff000-0xbbffffff]
[Sat May  6 09:12:23 2023] e820: reserve RAM buffer [mem 0x43f000000-0x43fffffff]
[Sat May  6 09:12:23 2023] NetLabel: Initializing
[Sat May  6 09:12:23 2023] NetLabel:  domain hash size = 128
[Sat May  6 09:12:23 2023] NetLabel:  protocols = UNLABELED CIPSOv4 CALIPSO
[Sat May  6 09:12:23 2023] NetLabel:  unlabeled traffic allowed by default
[Sat May  6 09:12:23 2023] hpet0: at MMIO 0xfed00000, IRQs 2, 8, 0, 0, 0, 0, 0, 0
[Sat May  6 09:12:23 2023] hpet0: 8 comparators, 64-bit 24.000000 MHz counter
[Sat May  6 09:12:23 2023] clocksource: Switched to clocksource tsc-early
[Sat May  6 09:12:23 2023] VFS: Disk quotas dquot_6.6.0
[Sat May  6 09:12:23 2023] VFS: Dquot-cache hash table entries: 512 (order 0, 4096 bytes)
[Sat May  6 09:12:23 2023] pnp: PnP ACPI init
[Sat May  6 09:12:23 2023] system 00:00: [io  0x0a00-0x0a1f] has been reserved
[Sat May  6 09:12:23 2023] system 00:00: [io  0x0a20-0x0a2f] has been reserved
[Sat May  6 09:12:23 2023] system 00:00: [io  0x0a30-0x0a3f] has been reserved
[Sat May  6 09:12:23 2023] system 00:00: Plug and Play ACPI device, IDs PNP0c02 (active)
[Sat May  6 09:12:23 2023] pnp 00:01: [dma 0 disabled]
[Sat May  6 09:12:23 2023] pnp 00:01: Plug and Play ACPI device, IDs PNP0501 (active)
[Sat May  6 09:12:23 2023] system 00:02: [io  0x0680-0x069f] has been reserved
[Sat May  6 09:12:23 2023] system 00:02: [io  0xffff] has been reserved
[Sat May  6 09:12:23 2023] system 00:02: [io  0xffff] has been reserved
[Sat May  6 09:12:23 2023] system 00:02: [io  0xffff] has been reserved
[Sat May  6 09:12:23 2023] system 00:02: [io  0x1800-0x18fe] has been reserved
[Sat May  6 09:12:23 2023] system 00:02: [io  0x164e-0x164f] has been reserved
[Sat May  6 09:12:23 2023] system 00:02: Plug and Play ACPI device, IDs PNP0c02 (active)
[Sat May  6 09:12:23 2023] system 00:03: [io  0x0800-0x087f] has been reserved
[Sat May  6 09:12:23 2023] system 00:03: Plug and Play ACPI device, IDs PNP0c02 (active)
[Sat May  6 09:12:23 2023] pnp 00:04: Plug and Play ACPI device, IDs PNP0b00 (active)
[Sat May  6 09:12:23 2023] system 00:05: [io  0x1854-0x1857] has been reserved
[Sat May  6 09:12:23 2023] system 00:05: Plug and Play ACPI device, IDs INT3f0d PNP0c02 (active)
[Sat May  6 09:12:23 2023] system 00:06: [mem 0xfed10000-0xfed17fff] has been reserved
[Sat May  6 09:12:23 2023] system 00:06: [mem 0xfed18000-0xfed18fff] has been reserved
[Sat May  6 09:12:23 2023] system 00:06: [mem 0xfed19000-0xfed19fff] has been reserved
[Sat May  6 09:12:23 2023] system 00:06: [mem 0xe0000000-0xefffffff] has been reserved
[Sat May  6 09:12:23 2023] system 00:06: [mem 0xfed20000-0xfed3ffff] has been reserved
[Sat May  6 09:12:23 2023] system 00:06: [mem 0xfed90000-0xfed93fff] could not be reserved
[Sat May  6 09:12:23 2023] system 00:06: [mem 0xfed45000-0xfed8ffff] has been reserved
[Sat May  6 09:12:23 2023] system 00:06: [mem 0xff000000-0xffffffff] has been reserved
[Sat May  6 09:12:23 2023] system 00:06: [mem 0xfee00000-0xfeefffff] could not be reserved
[Sat May  6 09:12:23 2023] system 00:06: [mem 0xdffe0000-0xdfffffff] has been reserved
[Sat May  6 09:12:23 2023] system 00:06: Plug and Play ACPI device, IDs PNP0c02 (active)
[Sat May  6 09:12:23 2023] system 00:07: [mem 0xfd000000-0xfdabffff] has been reserved
[Sat May  6 09:12:23 2023] system 00:07: [mem 0xfdad0000-0xfdadffff] has been reserved
[Sat May  6 09:12:23 2023] system 00:07: [mem 0xfdb00000-0xfdffffff] has been reserved
[Sat May  6 09:12:23 2023] system 00:07: [mem 0xfe000000-0xfe01ffff] could not be reserved
[Sat May  6 09:12:23 2023] system 00:07: [mem 0xfe036000-0xfe03bfff] has been reserved
[Sat May  6 09:12:23 2023] system 00:07: [mem 0xfe03d000-0xfe3fffff] has been reserved
[Sat May  6 09:12:23 2023] system 00:07: [mem 0xfe410000-0xfe7fffff] has been reserved
[Sat May  6 09:12:23 2023] system 00:07: Plug and Play ACPI device, IDs PNP0c02 (active)
[Sat May  6 09:12:23 2023] system 00:08: [io  0xff00-0xfffe] has been reserved
[Sat May  6 09:12:23 2023] system 00:08: Plug and Play ACPI device, IDs PNP0c02 (active)
[Sat May  6 09:12:23 2023] system 00:09: [mem 0xfdaf0000-0xfdafffff] has been reserved
[Sat May  6 09:12:23 2023] system 00:09: [mem 0xfdae0000-0xfdaeffff] has been reserved
[Sat May  6 09:12:23 2023] system 00:09: [mem 0xfdac0000-0xfdacffff] has been reserved
[Sat May  6 09:12:23 2023] system 00:09: Plug and Play ACPI device, IDs PNP0c02 (active)
[Sat May  6 09:12:23 2023] pnp: PnP ACPI: found 10 devices
[Sat May  6 09:12:23 2023] clocksource: acpi_pm: mask: 0xffffff max_cycles: 0xffffff, max_idle_ns: 2085701024 ns
[Sat May  6 09:12:23 2023] pci 0000:00:1c.0: PCI bridge to [bus 01]
[Sat May  6 09:12:23 2023] pci 0000:00:1c.0:   bridge window [io  0xe000-0xefff]
[Sat May  6 09:12:23 2023] pci 0000:00:1c.0:   bridge window [mem 0xdf000000-0xdf0fffff]
[Sat May  6 09:12:23 2023] pci_bus 0000:00: resource 4 [io  0x0000-0x0cf7 window]
[Sat May  6 09:12:23 2023] pci_bus 0000:00: resource 5 [io  0x0d00-0xffff window]
[Sat May  6 09:12:23 2023] pci_bus 0000:00: resource 6 [mem 0x000a0000-0x000bffff window]
[Sat May  6 09:12:23 2023] pci_bus 0000:00: resource 7 [mem 0xc0000000-0xdfffffff window]
[Sat May  6 09:12:23 2023] pci_bus 0000:00: resource 8 [mem 0xfd000000-0xfe7fffff window]
[Sat May  6 09:12:23 2023] pci_bus 0000:01: resource 0 [io  0xe000-0xefff]
[Sat May  6 09:12:23 2023] pci_bus 0000:01: resource 1 [mem 0xdf000000-0xdf0fffff]
[Sat May  6 09:12:23 2023] NET: Registered protocol family 2
[Sat May  6 09:12:23 2023] tcp_listen_portaddr_hash hash table entries: 8192 (order: 5, 131072 bytes)
[Sat May  6 09:12:23 2023] TCP established hash table entries: 131072 (order: 8, 1048576 bytes)
[Sat May  6 09:12:23 2023] TCP bind hash table entries: 65536 (order: 8, 1048576 bytes)
[Sat May  6 09:12:23 2023] TCP: Hash tables configured (established 131072 bind 65536)
[Sat May  6 09:12:23 2023] MPTCP token hash table entries: 16384 (order: 6, 393216 bytes)
[Sat May  6 09:12:23 2023] UDP hash table entries: 8192 (order: 6, 262144 bytes)
[Sat May  6 09:12:23 2023] UDP-Lite hash table entries: 8192 (order: 6, 262144 bytes)
[Sat May  6 09:12:23 2023] NET: Registered protocol family 1
[Sat May  6 09:12:23 2023] NET: Registered protocol family 44
[Sat May  6 09:12:23 2023] pci 0000:00:02.0: Video device with shadowed ROM at [mem 0x000c0000-0x000dffff]
[Sat May  6 09:12:23 2023] PCI: CLS 64 bytes, default 64
[Sat May  6 09:12:23 2023] Unpacking initramfs...
[Sat May  6 09:12:23 2023] Freeing initrd memory: 36316K
[Sat May  6 09:12:23 2023] PCI-DMA: Using software bounce buffering for IO (SWIOTLB)
[Sat May  6 09:12:23 2023] software IO TLB: mapped [mem 0xa7de2000-0xabde2000] (64MB)
[Sat May  6 09:12:23 2023] clocksource: tsc: mask: 0xffffffffffffffff max_cycles: 0x70c747804da, max_idle_ns: 881591211608 ns
[Sat May  6 09:12:23 2023] clocksource: Switched to clocksource tsc
[Sat May  6 09:12:23 2023] Initialise system trusted keyrings
[Sat May  6 09:12:23 2023] Key type blacklist registered
[Sat May  6 09:12:23 2023] workingset: timestamp_bits=36 max_order=22 bucket_order=0
[Sat May  6 09:12:23 2023] zbud: loaded
[Sat May  6 09:12:23 2023] pstore: using deflate compression
[Sat May  6 09:12:23 2023] Platform Keyring initialized
[Sat May  6 09:12:23 2023] NET: Registered protocol family 38
[Sat May  6 09:12:23 2023] Key type asymmetric registered
[Sat May  6 09:12:23 2023] Asymmetric key parser 'x509' registered
[Sat May  6 09:12:23 2023] Block layer SCSI generic (bsg) driver version 0.4 loaded (major 247)
[Sat May  6 09:12:23 2023] io scheduler mq-deadline registered
[Sat May  6 09:12:23 2023] io scheduler kyber registered
[Sat May  6 09:12:23 2023] io scheduler bfq registered
[Sat May  6 09:12:23 2023] atomic64_test: passed for x86-64 platform with CX8 and with SSE
[Sat May  6 09:12:23 2023] pcieport 0000:00:1c.0: enabled with IRQ 122
[Sat May  6 09:12:23 2023] shpchp: Standard Hot Plug PCI Controller Driver version: 0.4
[Sat May  6 09:12:23 2023] intel_idle: MWAIT substates: 0x142120
[Sat May  6 09:12:23 2023] intel_idle: v0.5.1 model 0x9E
[Sat May  6 09:12:23 2023] intel_idle: Local APIC timer is reliable in all C-states
[Sat May  6 09:12:23 2023] input: Sleep Button as /devices/LNXSYSTM:00/LNXSYBUS:00/PNP0C0E:00/input/input0
[Sat May  6 09:12:23 2023] ACPI: Sleep Button [SLPB]
[Sat May  6 09:12:23 2023] input: Power Button as /devices/LNXSYSTM:00/LNXSYBUS:00/PNP0C0C:00/input/input1
[Sat May  6 09:12:23 2023] ACPI: Power Button [PWRB]
[Sat May  6 09:12:23 2023] input: Power Button as /devices/LNXSYSTM:00/LNXPWRBN:00/input/input2
[Sat May  6 09:12:23 2023] ACPI: Power Button [PWRF]
[Sat May  6 09:12:23 2023] thermal LNXTHERM:00: registered as thermal_zone0
[Sat May  6 09:12:23 2023] ACPI: Thermal Zone [TZ00] (28 C)
[Sat May  6 09:12:23 2023] thermal LNXTHERM:01: registered as thermal_zone1
[Sat May  6 09:12:23 2023] ACPI: Thermal Zone [TZ01] (30 C)
[Sat May  6 09:12:23 2023] Serial: 8250/16550 driver, 4 ports, IRQ sharing enabled
[Sat May  6 09:12:23 2023] 00:01: ttyS0 at I/O 0x3f8 (irq = 4, base_baud = 115200) is a 16550A
[Sat May  6 09:12:23 2023] Non-volatile memory driver v1.3
[Sat May  6 09:12:23 2023] tpm_crb MSFT0101:00: [Firmware Bug]: ACPI region does not cover the entire command/response buffer. [mem 0xfed40000-0xfed4087f flags 0x201] vs fed40080 f80
[Sat May  6 09:12:23 2023] tpm_crb MSFT0101:00: [Firmware Bug]: ACPI region does not cover the entire command/response buffer. [mem 0xfed40000-0xfed4087f flags 0x201] vs fed40080 f80
[Sat May  6 09:12:23 2023] rdac: device handler registered
[Sat May  6 09:12:23 2023] hp_sw: device handler registered
[Sat May  6 09:12:23 2023] emc: device handler registered
[Sat May  6 09:12:23 2023] alua: device handler registered
[Sat May  6 09:12:23 2023] libphy: Fixed MDIO Bus: probed
[Sat May  6 09:12:23 2023] ehci_hcd: USB 2.0 'Enhanced' Host Controller (EHCI) Driver
[Sat May  6 09:12:23 2023] ehci-pci: EHCI PCI platform driver
[Sat May  6 09:12:23 2023] ohci_hcd: USB 1.1 'Open' Host Controller (OHCI) Driver
[Sat May  6 09:12:23 2023] ohci-pci: OHCI PCI platform driver
[Sat May  6 09:12:23 2023] uhci_hcd: USB Universal Host Controller Interface driver
[Sat May  6 09:12:23 2023] xhci_hcd 0000:00:14.0: xHCI Host Controller
[Sat May  6 09:12:23 2023] xhci_hcd 0000:00:14.0: new USB bus registered, assigned bus number 1
[Sat May  6 09:12:23 2023] xhci_hcd 0000:00:14.0: hcc params 0x200077c1 hci version 0x100 quirks 0x0000000000009810
[Sat May  6 09:12:23 2023] xhci_hcd 0000:00:14.0: cache line size of 64 is not supported
[Sat May  6 09:12:23 2023] usb usb1: New USB device found, idVendor=1d6b, idProduct=0002, bcdDevice= 4.18
[Sat May  6 09:12:23 2023] usb usb1: New USB device strings: Mfr=3, Product=2, SerialNumber=1
[Sat May  6 09:12:23 2023] usb usb1: Product: xHCI Host Controller
[Sat May  6 09:12:23 2023] usb usb1: Manufacturer: Linux 4.18.0-305.el8.x86_64 xhci-hcd
[Sat May  6 09:12:23 2023] usb usb1: SerialNumber: 0000:00:14.0
[Sat May  6 09:12:23 2023] hub 1-0:1.0: USB hub found
[Sat May  6 09:12:23 2023] hub 1-0:1.0: 12 ports detected
[Sat May  6 09:12:23 2023] xhci_hcd 0000:00:14.0: xHCI Host Controller
[Sat May  6 09:12:23 2023] xhci_hcd 0000:00:14.0: new USB bus registered, assigned bus number 2
[Sat May  6 09:12:23 2023] xhci_hcd 0000:00:14.0: Host supports USB 3.0 SuperSpeed
[Sat May  6 09:12:23 2023] usb usb2: New USB device found, idVendor=1d6b, idProduct=0003, bcdDevice= 4.18
[Sat May  6 09:12:23 2023] usb usb2: New USB device strings: Mfr=3, Product=2, SerialNumber=1
[Sat May  6 09:12:23 2023] usb usb2: Product: xHCI Host Controller
[Sat May  6 09:12:23 2023] usb usb2: Manufacturer: Linux 4.18.0-305.el8.x86_64 xhci-hcd
[Sat May  6 09:12:23 2023] usb usb2: SerialNumber: 0000:00:14.0
[Sat May  6 09:12:23 2023] hub 2-0:1.0: USB hub found
[Sat May  6 09:12:23 2023] hub 2-0:1.0: 6 ports detected
[Sat May  6 09:12:23 2023] usbcore: registered new interface driver usbserial_generic
[Sat May  6 09:12:23 2023] usbserial: USB Serial support registered for generic
[Sat May  6 09:12:23 2023] i8042: PNP: No PS/2 controller found.
[Sat May  6 09:12:23 2023] mousedev: PS/2 mouse device common for all mice
[Sat May  6 09:12:23 2023] rtc_cmos 00:04: RTC can wake from S4
[Sat May  6 09:12:23 2023] rtc_cmos 00:04: registered as rtc0
[Sat May  6 09:12:23 2023] rtc_cmos 00:04: alarms up to one month, y3k, 242 bytes nvram, hpet irqs
[Sat May  6 09:12:23 2023] intel_pstate: Intel P-state driver initializing
[Sat May  6 09:12:23 2023] intel_pstate: Disabling energy efficiency optimization
[Sat May  6 09:12:23 2023] intel_pstate: HWP enabled
[Sat May  6 09:12:23 2023] hid: raw HID events driver (C) Jiri Kosina
[Sat May  6 09:12:23 2023] usbcore: registered new interface driver usbhid
[Sat May  6 09:12:23 2023] usbhid: USB HID core driver
[Sat May  6 09:12:23 2023] drop_monitor: Initializing network drop monitor service
[Sat May  6 09:12:23 2023] Initializing XFRM netlink socket
[Sat May  6 09:12:23 2023] NET: Registered protocol family 10
[Sat May  6 09:12:23 2023] Segment Routing with IPv6
[Sat May  6 09:12:23 2023] NET: Registered protocol family 17
[Sat May  6 09:12:23 2023] mpls_gso: MPLS GSO support
[Sat May  6 09:12:23 2023] core: Using 8 MCE banks
[Sat May  6 09:12:23 2023] microcode: sig=0x906e9, pf=0x2, revision=0xde
[Sat May  6 09:12:23 2023] microcode: Microcode Update Driver: v2.2.
[Sat May  6 09:12:23 2023] AVX2 version of gcm_enc/dec engaged.
[Sat May  6 09:12:23 2023] AES CTR mode by8 optimization enabled
[Sat May  6 09:12:23 2023] sched_clock: Marking stable (650464550, 0)->(774039493, -123574943)
[Sat May  6 09:12:23 2023] registered taskstats version 1
[Sat May  6 09:12:23 2023] Loading compiled-in X.509 certificates
[Sat May  6 09:12:23 2023] Loaded X.509 cert 'Red Hat Enterprise Linux kernel signing key: 0d8bee13d345e79adf375266e951cba7f5513a67'
[Sat May  6 09:12:23 2023] Loaded X.509 cert 'Red Hat Enterprise Linux Driver Update Program (key 3): bf57f3e87362bc7229d9f465321773dfd1f77a80'
[Sat May  6 09:12:23 2023] Loaded X.509 cert 'Red Hat Enterprise Linux kpatch signing key: 4d38fd864ebe18c5f0b72e3852e2014c3a676fc8'
[Sat May  6 09:12:23 2023] zswap: loaded using pool lzo/zbud
[Sat May  6 09:12:23 2023] page_owner is disabled
[Sat May  6 09:12:23 2023] Key type big_key registered
[Sat May  6 09:12:23 2023] Key type trusted registered
[Sat May  6 09:12:23 2023] Key type encrypted registered
[Sat May  6 09:12:23 2023] ima: Allocated hash algorithm: sha256
[Sat May  6 09:12:23 2023] ima: No architecture policies found
[Sat May  6 09:12:23 2023] evm: Initialising EVM extended attributes:
[Sat May  6 09:12:23 2023] evm: security.selinux
[Sat May  6 09:12:23 2023] evm: security.ima
[Sat May  6 09:12:23 2023] evm: security.capability
[Sat May  6 09:12:23 2023] evm: HMAC attrs: 0x1
[Sat May  6 09:12:23 2023] rtc_cmos 00:04: setting system clock to 2023-05-06 09:11:55 UTC (1683364315)
[Sat May  6 09:12:23 2023] Freeing unused decrypted memory: 2036K
[Sat May  6 09:12:23 2023] Freeing unused kernel memory: 2480K
[Sat May  6 09:12:23 2023] Write protecting the kernel read-only data: 22528k
[Sat May  6 09:12:23 2023] Freeing unused kernel memory: 2012K
[Sat May  6 09:12:23 2023] Freeing unused kernel memory: 484K
[Sat May  6 09:12:23 2023] systemd[1]: systemd 239 (239-45.el8) running in system mode. (+PAM +AUDIT +SELINUX +IMA -APPARMOR +SMACK +SYSVINIT +UTMP +LIBCRYPTSETUP +GCRYPT +GNUTLS +ACL +XZ +LZ4 +SECCOMP +BLKID +ELFUTILS +KMOD +IDN2 -IDN +PCRE2 default-hierarchy=legacy)
[Sat May  6 09:12:23 2023] systemd[1]: Detected architecture x86-64.
[Sat May  6 09:12:23 2023] systemd[1]: Running in initial RAM disk.
[Sat May  6 09:12:23 2023] systemd[1]: Set hostname to <host3.example.net>.
[Sat May  6 09:12:23 2023] systemd[1]: Listening on udev Kernel Socket.
[Sat May  6 09:12:23 2023] systemd[1]: Reached target Slices.
[Sat May  6 09:12:23 2023] systemd[1]: Reached target Timers.
[Sat May  6 09:12:23 2023] systemd[1]: Created slice system-systemd\x2dhibernate\x2dresume.slice.
[Sat May  6 09:12:23 2023] systemd[1]: Listening on Journal Socket.
[Sat May  6 09:12:23 2023] systemd[1]: Started Memstrack Anylazing Service.
[Sat May  6 09:12:23 2023] device-mapper: uevent: version 1.0.3
[Sat May  6 09:12:23 2023] device-mapper: ioctl: 4.43.0-ioctl (2020-10-01) initialised: dm-devel@redhat.com
[Sat May  6 09:12:23 2023] usb 1-11: new low-speed USB device number 2 using xhci_hcd
[Sat May  6 09:12:24 2023] r8169 0000:01:00.0: can't disable ASPM; OS doesn't have ASPM control
[Sat May  6 09:12:24 2023] libata version 3.00 loaded.
[Sat May  6 09:12:24 2023] usb 1-11: New USB device found, idVendor=275d, idProduct=0ba6, bcdDevice= 1.00
[Sat May  6 09:12:24 2023] usb 1-11: New USB device strings: Mfr=0, Product=1, SerialNumber=0
[Sat May  6 09:12:24 2023] usb 1-11: Product: USB OPTICAL MOUSE 
[Sat May  6 09:12:24 2023] libphy: r8169: probed
[Sat May  6 09:12:24 2023] r8169 0000:01:00.0 eth0: RTL8168h/8111h, 00:cf:e0:3e:72:a8, XID 541, IRQ 124
[Sat May  6 09:12:24 2023] r8169 0000:01:00.0 eth0: jumbo features [frames: 9194 bytes, tx checksumming: ko]
[Sat May  6 09:12:24 2023] input: USB OPTICAL MOUSE  as /devices/pci0000:00/0000:00:14.0/usb1/1-11/1-11:1.0/0003:275D:0BA6.0001/input/input3
[Sat May  6 09:12:24 2023] hid-generic 0003:275D:0BA6.0001: input,hidraw0: USB HID v1.11 Mouse [USB OPTICAL MOUSE ] on usb-0000:00:14.0-11/input0
[Sat May  6 09:12:24 2023] ahci 0000:00:17.0: version 3.0
[Sat May  6 09:12:24 2023] ahci 0000:00:17.0: AHCI 0001.0301 32 slots 6 ports 6 Gbps 0x3f impl SATA mode
[Sat May  6 09:12:24 2023] ahci 0000:00:17.0: flags: 64bit ncq sntf pm led clo only pio slum part ems deso sadm sds apst 
[Sat May  6 09:12:24 2023] scsi host0: ahci
[Sat May  6 09:12:24 2023] scsi host1: ahci
[Sat May  6 09:12:24 2023] scsi host2: ahci
[Sat May  6 09:12:24 2023] scsi host3: ahci
[Sat May  6 09:12:24 2023] scsi host4: ahci
[Sat May  6 09:12:24 2023] scsi host5: ahci
[Sat May  6 09:12:24 2023] ata1: SATA max UDMA/133 abar m2048@0xdf12b000 port 0xdf12b100 irq 125
[Sat May  6 09:12:24 2023] ata2: SATA max UDMA/133 abar m2048@0xdf12b000 port 0xdf12b180 irq 125
[Sat May  6 09:12:24 2023] ata3: SATA max UDMA/133 abar m2048@0xdf12b000 port 0xdf12b200 irq 125
[Sat May  6 09:12:24 2023] ata4: SATA max UDMA/133 abar m2048@0xdf12b000 port 0xdf12b280 irq 125
[Sat May  6 09:12:24 2023] ata5: SATA max UDMA/133 abar m2048@0xdf12b000 port 0xdf12b300 irq 125
[Sat May  6 09:12:24 2023] ata6: SATA max UDMA/133 abar m2048@0xdf12b000 port 0xdf12b380 irq 125
[Sat May  6 09:12:24 2023] usb 1-12: new low-speed USB device number 3 using xhci_hcd
[Sat May  6 09:12:24 2023] i915 0000:00:02.0: vgaarb: deactivate vga console
[Sat May  6 09:12:24 2023] Console: switching to colour dummy device 80x25
[Sat May  6 09:12:24 2023] i915 0000:00:02.0: vgaarb: changed VGA decodes: olddecodes=io+mem,decodes=io+mem:owns=io+mem
[Sat May  6 09:12:24 2023] i915 0000:00:02.0: [drm] Finished loading DMC firmware i915/kbl_dmc_ver1_04.bin (v1.4)
[Sat May  6 09:12:24 2023] [drm] Initialized i915 1.6.0 20200715 for 0000:00:02.0 on minor 0
[Sat May  6 09:12:24 2023] ACPI: Video Device [GFX0] (multi-head: yes  rom: no  post: no)
[Sat May  6 09:12:24 2023] input: Video Bus as /devices/LNXSYSTM:00/LNXSYBUS:00/PNP0A08:00/LNXVIDEO:00/input/input4
[Sat May  6 09:12:24 2023] usb 1-12: New USB device found, idVendor=1a2c, idProduct=2d23, bcdDevice= 1.10
[Sat May  6 09:12:24 2023] usb 1-12: New USB device strings: Mfr=1, Product=2, SerialNumber=0
[Sat May  6 09:12:24 2023] usb 1-12: Product: USB Keyboard
[Sat May  6 09:12:24 2023] usb 1-12: Manufacturer: USB
[Sat May  6 09:12:24 2023] input: USB USB Keyboard as /devices/pci0000:00/0000:00:14.0/usb1/1-12/1-12:1.0/0003:1A2C:2D23.0002/input/input5
[Sat May  6 09:12:24 2023] hid-generic 0003:1A2C:2D23.0002: input,hidraw1: USB HID v1.10 Keyboard [USB USB Keyboard] on usb-0000:00:14.0-12/input0
[Sat May  6 09:12:24 2023] input: USB USB Keyboard Consumer Control as /devices/pci0000:00/0000:00:14.0/usb1/1-12/1-12:1.1/0003:1A2C:2D23.0003/input/input6
[Sat May  6 09:12:24 2023] fbcon: i915drmfb (fb0) is primary device
[Sat May  6 09:12:24 2023] Console: switching to colour frame buffer device 240x67
[Sat May  6 09:12:24 2023] i915 0000:00:02.0: [drm] fb0: i915drmfb frame buffer device
[Sat May  6 09:12:24 2023] ata5: SATA link up 6.0 Gbps (SStatus 133 SControl 300)
[Sat May  6 09:12:24 2023] ata3: SATA link down (SStatus 4 SControl 300)
[Sat May  6 09:12:24 2023] ata1: SATA link down (SStatus 4 SControl 300)
[Sat May  6 09:12:24 2023] ata2: SATA link down (SStatus 4 SControl 300)
[Sat May  6 09:12:24 2023] ata6: SATA link down (SStatus 4 SControl 300)
[Sat May  6 09:12:24 2023] ata4: SATA link down (SStatus 4 SControl 300)
[Sat May  6 09:12:24 2023] input: USB USB Keyboard System Control as /devices/pci0000:00/0000:00:14.0/usb1/1-12/1-12:1.1/0003:1A2C:2D23.0003/input/input7
[Sat May  6 09:12:24 2023] hid-generic 0003:1A2C:2D23.0003: input,hidraw2: USB HID v1.10 Device [USB USB Keyboard] on usb-0000:00:14.0-12/input1
[Sat May  6 09:12:24 2023] ata5.00: ACPI cmd ef/10:06:00:00:00:00 (SET FEATURES) succeeded
[Sat May  6 09:12:24 2023] ata5.00: ACPI cmd f5/00:00:00:00:00:00 (SECURITY FREEZE LOCK) filtered out
[Sat May  6 09:12:24 2023] ata5.00: ACPI cmd b1/c1:00:00:00:00:00 (DEVICE CONFIGURATION OVERLAY) filtered out
[Sat May  6 09:12:24 2023] ata5.00: ATA-10: KINGSTON SA400S37480G, S3401103, max UDMA/133
[Sat May  6 09:12:24 2023] ata5.00: 937703088 sectors, multi 1: LBA48 NCQ (depth 32), AA
[Sat May  6 09:12:24 2023] ata5.00: ACPI cmd ef/10:06:00:00:00:00 (SET FEATURES) succeeded
[Sat May  6 09:12:24 2023] ata5.00: ACPI cmd f5/00:00:00:00:00:00 (SECURITY FREEZE LOCK) filtered out
[Sat May  6 09:12:24 2023] ata5.00: ACPI cmd b1/c1:00:00:00:00:00 (DEVICE CONFIGURATION OVERLAY) filtered out
[Sat May  6 09:12:24 2023] ata5.00: configured for UDMA/133
[Sat May  6 09:12:24 2023] scsi 4:0:0:0: Direct-Access     ATA      KINGSTON SA400S3 1103 PQ: 0 ANSI: 5
[Sat May  6 09:12:24 2023] scsi 4:0:0:0: Attached scsi generic sg0 type 0
[Sat May  6 09:12:24 2023] sd 4:0:0:0: [sda] 937703088 512-byte logical blocks: (480 GB/447 GiB)
[Sat May  6 09:12:24 2023] sd 4:0:0:0: [sda] Write Protect is off
[Sat May  6 09:12:24 2023] sd 4:0:0:0: [sda] Mode Sense: 00 3a 00 00
[Sat May  6 09:12:24 2023] sd 4:0:0:0: [sda] Write cache: enabled, read cache: enabled, doesn't support DPO or FUA
[Sat May  6 09:12:24 2023]  sda: sda1 sda2
[Sat May  6 09:12:24 2023] sd 4:0:0:0: [sda] Attached SCSI disk
[Sat May  6 09:12:24 2023] PM: Image not found (code -22)
[Sat May  6 09:12:24 2023] EXT4-fs (dm-0): mounted filesystem with ordered data mode. Opts: (null)
[Sat May  6 09:12:24 2023] printk: systemd: 16 output lines suppressed due to ratelimiting
[Sat May  6 09:12:25 2023] audit: type=1404 audit(1683364316.824:2): enforcing=1 old_enforcing=0 auid=4294967295 ses=4294967295 enabled=1 old-enabled=1 lsm=selinux res=1
[Sat May  6 09:12:25 2023] SELinux:  policy capability network_peer_controls=1
[Sat May  6 09:12:25 2023] SELinux:  policy capability open_perms=1
[Sat May  6 09:12:25 2023] SELinux:  policy capability extended_socket_class=1
[Sat May  6 09:12:25 2023] SELinux:  policy capability always_check_network=0
[Sat May  6 09:12:25 2023] SELinux:  policy capability cgroup_seclabel=1
[Sat May  6 09:12:25 2023] SELinux:  policy capability nnp_nosuid_transition=1
[Sat May  6 09:12:25 2023] audit: type=1403 audit(1683364316.926:3): auid=4294967295 ses=4294967295 lsm=selinux res=1
[Sat May  6 09:12:25 2023] systemd[1]: Successfully loaded SELinux policy in 103.135ms.
[Sat May  6 09:12:25 2023] systemd[1]: Relabelled /dev, /run and /sys/fs/cgroup in 15.681ms.
[Sat May  6 09:12:25 2023] systemd[1]: systemd 239 (239-45.el8) running in system mode. (+PAM +AUDIT +SELINUX +IMA -APPARMOR +SMACK +SYSVINIT +UTMP +LIBCRYPTSETUP +GCRYPT +GNUTLS +ACL +XZ +LZ4 +SECCOMP +BLKID +ELFUTILS +KMOD +IDN2 -IDN +PCRE2 default-hierarchy=legacy)
[Sat May  6 09:12:25 2023] systemd[1]: Detected architecture x86-64.
[Sat May  6 09:12:25 2023] systemd[1]: Set hostname to <host3.example.net>.
[Sat May  6 09:12:25 2023] systemd[1]: systemd-journald.service: Succeeded.
[Sat May  6 09:12:25 2023] systemd[1]: initrd-switch-root.service: Succeeded.
[Sat May  6 09:12:25 2023] systemd[1]: Stopped Switch Root.
[Sat May  6 09:12:25 2023] systemd[1]: systemd-journald.service: Service has no hold-off time (RestartSec=0), scheduling restart.
[Sat May  6 09:12:25 2023] systemd[1]: systemd-journald.service: Scheduled restart job, restart counter is at 1.
[Sat May  6 09:12:25 2023] systemd[1]: Stopped Journal Service.
[Sat May  6 09:12:25 2023] systemd[1]: Starting Journal Service...
[Sat May  6 09:12:25 2023] EXT4-fs (dm-0): re-mounted. Opts: (null)
[Sat May  6 09:12:25 2023] Adding 1023996k swap on /dev/mapper/GLSvg-GLSswap.  Priority:-2 extents:1 across:1023996k SSFS
[Sat May  6 09:12:26 2023] resource sanity check: requesting [mem 0xfdffe800-0xfe0007ff], which spans more than pnp 00:07 [mem 0xfdb00000-0xfdffffff]
[Sat May  6 09:12:26 2023] caller pmc_core_probe+0x8d/0x3b0 [intel_pmc_core] mapping multiple BARs
[Sat May  6 09:12:26 2023] intel_pmc_core INT33A1:00:  initialized
[Sat May  6 09:12:26 2023] i801_smbus 0000:00:1f.4: SPD Write Disable is set
[Sat May  6 09:12:26 2023] i801_smbus 0000:00:1f.4: SMBus using PCI interrupt
[Sat May  6 09:12:26 2023] mei_me 0000:00:16.0: enabling device (0000 -> 0002)
[Sat May  6 09:12:26 2023] input: PC Speaker as /devices/platform/pcspkr/input/input8
[Sat May  6 09:12:27 2023] RAPL PMU: API unit is 2^-32 Joules, 4 fixed counters, 655360 ms ovfl timer
[Sat May  6 09:12:27 2023] RAPL PMU: hw unit of domain pp0-core 2^-14 Joules
[Sat May  6 09:12:27 2023] RAPL PMU: hw unit of domain package 2^-14 Joules
[Sat May  6 09:12:27 2023] RAPL PMU: hw unit of domain dram 2^-14 Joules
[Sat May  6 09:12:27 2023] RAPL PMU: hw unit of domain pp1-gpu 2^-14 Joules
[Sat May  6 09:12:27 2023] iTCO_vendor_support: vendor-support=0
[Sat May  6 09:12:27 2023] iTCO_wdt: Intel TCO WatchDog Timer Driver v1.11
[Sat May  6 09:12:27 2023] iTCO_wdt: Found a Intel PCH TCO device (Version=4, TCOBASE=0x0400)
[Sat May  6 09:12:27 2023] iTCO_wdt: initialized. heartbeat=30 sec (nowayout=0)
[Sat May  6 09:12:27 2023] Processors without extended page tables or support for shadow VMCS are not recommended by Red Hat for nested virtualization.
[Sat May  6 09:12:27 2023] snd_hda_intel 0000:00:1f.3: bound 0000:00:02.0 (ops i915_audio_component_bind_ops [i915])
[Sat May  6 09:12:27 2023] snd_hda_codec_realtek hdaudioC0D0: autoconfig for ALC662 rev3: line_outs=1 (0x14/0x0/0x0/0x0/0x0) type:line
[Sat May  6 09:12:27 2023] snd_hda_codec_realtek hdaudioC0D0:    speaker_outs=0 (0x0/0x0/0x0/0x0/0x0)
[Sat May  6 09:12:27 2023] snd_hda_codec_realtek hdaudioC0D0:    hp_outs=1 (0x1b/0x0/0x0/0x0/0x0)
[Sat May  6 09:12:27 2023] snd_hda_codec_realtek hdaudioC0D0:    mono: mono_out=0x0
[Sat May  6 09:12:27 2023] snd_hda_codec_realtek hdaudioC0D0:    inputs:
[Sat May  6 09:12:27 2023] snd_hda_codec_realtek hdaudioC0D0:      Front Mic=0x19
[Sat May  6 09:12:27 2023] snd_hda_codec_realtek hdaudioC0D0:      Rear Mic=0x18
[Sat May  6 09:12:27 2023] snd_hda_codec_realtek hdaudioC0D0:      Line=0x1a
[Sat May  6 09:12:27 2023] intel_rapl_common: Found RAPL domain package
[Sat May  6 09:12:27 2023] intel_rapl_common: Found RAPL domain core
[Sat May  6 09:12:27 2023] intel_rapl_common: Found RAPL domain uncore
[Sat May  6 09:12:27 2023] intel_rapl_common: Found RAPL domain dram
[Sat May  6 09:12:27 2023] input: HDA Intel PCH Rear Mic as /devices/pci0000:00/0000:00:1f.3/sound/card0/input9
[Sat May  6 09:12:27 2023] input: HDA Intel PCH Line as /devices/pci0000:00/0000:00:1f.3/sound/card0/input10
[Sat May  6 09:12:27 2023] input: HDA Intel PCH Line Out as /devices/pci0000:00/0000:00:1f.3/sound/card0/input11
[Sat May  6 09:12:27 2023] input: HDA Intel PCH HDMI/DP,pcm=3 as /devices/pci0000:00/0000:00:1f.3/sound/card0/input12
[Sat May  6 09:12:27 2023] input: HDA Intel PCH HDMI/DP,pcm=7 as /devices/pci0000:00/0000:00:1f.3/sound/card0/input13
[Sat May  6 09:12:27 2023] input: HDA Intel PCH HDMI/DP,pcm=8 as /devices/pci0000:00/0000:00:1f.3/sound/card0/input14
[Sat May  6 09:12:27 2023] input: HDA Intel PCH HDMI/DP,pcm=9 as /devices/pci0000:00/0000:00:1f.3/sound/card0/input15
[Sat May  6 09:12:27 2023] input: HDA Intel PCH HDMI/DP,pcm=10 as /devices/pci0000:00/0000:00:1f.3/sound/card0/input16
[Sat May  6 09:12:27 2023] SGI XFS with ACLs, security attributes, quota, no debug enabled
[Sat May  6 09:12:27 2023] XFS (sda1): Mounting V5 Filesystem
[Sat May  6 09:12:27 2023] XFS (sda1): Ending clean mount
[Sat May  6 09:12:27 2023] RPC: Registered named UNIX socket transport module.
[Sat May  6 09:12:27 2023] RPC: Registered udp transport module.
[Sat May  6 09:12:27 2023] RPC: Registered tcp transport module.
[Sat May  6 09:12:27 2023] RPC: Registered tcp NFSv4.1 backchannel transport module.
[Sat May  6 09:12:28 2023] IPv6: ADDRCONF(NETDEV_UP): eth0: link is not ready
[Sat May  6 09:12:28 2023] Generic FE-GE Realtek PHY r8169-100:00: attached PHY driver [Generic FE-GE Realtek PHY] (mii_bus:phy_addr=r8169-100:00, irq=IGNORE)
[Sat May  6 09:12:29 2023] IPv6: ADDRCONF(NETDEV_UP): eth0: link is not ready
[Sat May  6 09:12:29 2023] r8169 0000:01:00.0 eth0: Link is Down
[Sat May  6 09:12:29 2023] bridge: filtering via arp/ip/ip6tables is no longer available by default. Update your scripts to load br_netfilter if you need this.
[Sat May  6 09:12:29 2023] IPv6: ADDRCONF(NETDEV_UP): br0: link is not ready
[Sat May  6 09:12:29 2023] IPv6: ADDRCONF(NETDEV_UP): br0: link is not ready
[Sat May  6 09:12:29 2023] IPv6: ADDRCONF(NETDEV_UP): br0: link is not ready
[Sat May  6 09:12:29 2023] IPv6: ADDRCONF(NETDEV_UP): br0: link is not ready
[Sat May  6 09:12:32 2023] r8169 0000:01:00.0 eth0: Link is Up - 1Gbps/Full - flow control rx/tx
[Sat May  6 09:12:32 2023] IPv6: ADDRCONF(NETDEV_CHANGE): eth0: link becomes ready
[Sat May  6 09:12:32 2023] br0: port 1(eth0) entered blocking state
[Sat May  6 09:12:32 2023] br0: port 1(eth0) entered disabled state
[Sat May  6 09:12:32 2023] device eth0 entered promiscuous mode
[Sat May  6 09:12:32 2023] br0: port 1(eth0) entered blocking state
[Sat May  6 09:12:32 2023] br0: port 1(eth0) entered forwarding state
[Sat May  6 09:12:32 2023] IPv6: ADDRCONF(NETDEV_CHANGE): br0: link becomes ready
[Sat May  6 09:12:32 2023] tun: Universal TUN/TAP device driver, 1.6
[Sat May  6 09:12:32 2023] virbr0: port 1(virbr0-nic) entered blocking state
[Sat May  6 09:12:32 2023] virbr0: port 1(virbr0-nic) entered disabled state
[Sat May  6 09:12:32 2023] device virbr0-nic entered promiscuous mode
[Sat May  6 09:12:32 2023] virbr0: port 1(virbr0-nic) entered blocking state
[Sat May  6 09:12:32 2023] virbr0: port 1(virbr0-nic) entered listening state
[Sat May  6 09:12:32 2023] virbr0: port 1(virbr0-nic) entered disabled state
[Sat May  6 09:26:20 2023] fuse: init (API version 7.31)
[Sat May  6 09:44:30 2023] device eth0 left promiscuous mode
[Sat May  6 09:44:30 2023] br0: port 1(eth0) entered disabled state
[Sat May  6 09:44:30 2023] br0: port 1(eth0) entered blocking state
[Sat May  6 09:44:30 2023] br0: port 1(eth0) entered disabled state
[Sat May  6 09:44:30 2023] device eth0 entered promiscuous mode
[Sat May  6 09:44:30 2023] br0: port 1(eth0) entered blocking state
[Sat May  6 09:44:30 2023] br0: port 1(eth0) entered forwarding state
[Sat May  6 09:45:01 2023] L1TF CPU bug present and SMT on, data leak possible. See CVE-2018-3646 and https://www.kernel.org/doc/html/latest/admin-guide/hw-vuln/l1tf.html for details.
[Sat May  6 09:45:02 2023] br0: port 2(vnet0) entered blocking state
[Sat May  6 09:45:02 2023] br0: port 2(vnet0) entered disabled state
[Sat May  6 09:45:02 2023] device vnet0 entered promiscuous mode
[Sat May  6 09:45:02 2023] br0: port 2(vnet0) entered blocking state
[Sat May  6 09:45:02 2023] br0: port 2(vnet0) entered forwarding state
[Sat May  6 09:45:02 2023] cgroup: cgroup: disabling cgroup2 socket matching due to net_prio or net_cls activation
[Sat May  6 09:45:19 2023] br0: port 3(vnet1) entered blocking state
[Sat May  6 09:45:19 2023] br0: port 3(vnet1) entered disabled state
[Sat May  6 09:45:19 2023] device vnet1 entered promiscuous mode
[Sat May  6 09:45:19 2023] br0: port 3(vnet1) entered blocking state
[Sat May  6 09:45:19 2023] br0: port 3(vnet1) entered forwarding state
[Sat May  6 09:45:42 2023] br0: port 4(vnet2) entered blocking state
[Sat May  6 09:45:42 2023] br0: port 4(vnet2) entered disabled state
[Sat May  6 09:45:42 2023] device vnet2 entered promiscuous mode
[Sat May  6 09:45:42 2023] br0: port 4(vnet2) entered blocking state
[Sat May  6 09:45:42 2023] br0: port 4(vnet2) entered forwarding state
[Sat May  6 09:46:37 2023] SELinux:  Converting 478 SID table entries...
[Sat May  6 09:46:37 2023] SELinux:  policy capability network_peer_controls=1
[Sat May  6 09:46:37 2023] SELinux:  policy capability open_perms=1
[Sat May  6 09:46:37 2023] SELinux:  policy capability extended_socket_class=1
[Sat May  6 09:46:37 2023] SELinux:  policy capability always_check_network=0
[Sat May  6 09:46:37 2023] SELinux:  policy capability cgroup_seclabel=1
[Sat May  6 09:46:37 2023] SELinux:  policy capability nnp_nosuid_transition=1
[Sat May  6 09:51:53 2023] ata5.00: exception Emask 0x10 SAct 0x7e8007ff SErr 0x400100 action 0x6 frozen
[Sat May  6 09:51:53 2023] ata5.00: irq_stat 0x08000000, interface fatal error
[Sat May  6 09:51:53 2023] ata5: SError: { UnrecovData Handshk }
[Sat May  6 09:51:53 2023] ata5.00: failed command: WRITE FPDMA QUEUED
[Sat May  6 09:51:53 2023] ata5.00: cmd 61/00:00:00:da:d6/06:00:01:00:00/40 tag 0 ncq dma 786432 out
                                    res 40/00:cc:00:aa:d6/00:00:01:00:00/40 Emask 0x10 (ATA bus error)
[Sat May  6 09:51:53 2023] ata5.00: status: { DRDY }
[Sat May  6 09:51:53 2023] ata5.00: failed command: WRITE FPDMA QUEUED
[Sat May  6 09:51:53 2023] ata5.00: cmd 61/00:08:00:e0:d6/0a:00:01:00:00/40 tag 1 ncq dma 1310720 ou
                                    res 40/00:cc:00:aa:d6/00:00:01:00:00/40 Emask 0x10 (ATA bus error)
[Sat May  6 09:51:53 2023] ata5.00: status: { DRDY }
[Sat May  6 09:51:53 2023] ata5.00: failed command: WRITE FPDMA QUEUED
[Sat May  6 09:51:53 2023] ata5.00: cmd 61/00:10:00:ea:d6/06:00:01:00:00/40 tag 2 ncq dma 786432 out
                                    res 40/00:cc:00:aa:d6/00:00:01:00:00/40 Emask 0x10 (ATA bus error)
[Sat May  6 09:51:53 2023] ata5.00: status: { DRDY }
[Sat May  6 09:51:53 2023] ata5.00: failed command: WRITE FPDMA QUEUED
[Sat May  6 09:51:53 2023] ata5.00: cmd 61/48:18:00:f0:d6/05:00:01:00:00/40 tag 3 ncq dma 692224 out
                                    res 40/00:cc:00:aa:d6/00:00:01:00:00/40 Emask 0x10 (ATA bus error)
[Sat May  6 09:51:53 2023] ata5.00: status: { DRDY }
[Sat May  6 09:51:53 2023] ata5.00: failed command: WRITE FPDMA QUEUED
[Sat May  6 09:51:53 2023] ata5.00: cmd 61/60:20:48:f5:d6/07:00:01:00:00/40 tag 4 ncq dma 966656 out
                                    res 40/00:cc:00:aa:d6/00:00:01:00:00/40 Emask 0x10 (ATA bus error)
[Sat May  6 09:51:53 2023] ata5.00: status: { DRDY }
[Sat May  6 09:51:53 2023] ata5.00: failed command: WRITE FPDMA QUEUED
[Sat May  6 09:51:53 2023] ata5.00: cmd 61/58:28:a8:fc:d6/03:00:01:00:00/40 tag 5 ncq dma 438272 out
                                    res 40/00:cc:00:aa:d6/00:00:01:00:00/40 Emask 0x10 (ATA bus error)
[Sat May  6 09:51:53 2023] ata5.00: status: { DRDY }
[Sat May  6 09:51:53 2023] ata5.00: failed command: WRITE FPDMA QUEUED
[Sat May  6 09:51:53 2023] ata5.00: cmd 61/00:30:00:00:d7/0a:00:01:00:00/40 tag 6 ncq dma 1310720 ou
                                    res 40/00:cc:00:aa:d6/00:00:01:00:00/40 Emask 0x10 (ATA bus error)
[Sat May  6 09:51:53 2023] ata5.00: status: { DRDY }
[Sat May  6 09:51:53 2023] ata5.00: failed command: WRITE FPDMA QUEUED
[Sat May  6 09:51:53 2023] ata5.00: cmd 61/00:38:00:0a:d7/06:00:01:00:00/40 tag 7 ncq dma 786432 out
                                    res 40/00:cc:00:aa:d6/00:00:01:00:00/40 Emask 0x10 (ATA bus error)
[Sat May  6 09:51:53 2023] ata5.00: status: { DRDY }
[Sat May  6 09:51:53 2023] ata5.00: failed command: WRITE FPDMA QUEUED
[Sat May  6 09:51:53 2023] ata5.00: cmd 61/00:40:00:10:d7/0a:00:01:00:00/40 tag 8 ncq dma 1310720 ou
                                    res 40/00:cc:00:aa:d6/00:00:01:00:00/40 Emask 0x10 (ATA bus error)
[Sat May  6 09:51:53 2023] ata5.00: status: { DRDY }
[Sat May  6 09:51:53 2023] ata5.00: failed command: WRITE FPDMA QUEUED
[Sat May  6 09:51:53 2023] ata5.00: cmd 61/00:48:00:1a:d7/06:00:01:00:00/40 tag 9 ncq dma 786432 out
                                    res 40/00:cc:00:aa:d6/00:00:01:00:00/40 Emask 0x10 (ATA bus error)
[Sat May  6 09:51:53 2023] ata5.00: status: { DRDY }
[Sat May  6 09:51:53 2023] ata5.00: failed command: WRITE FPDMA QUEUED
[Sat May  6 09:51:53 2023] ata5.00: cmd 61/00:50:00:20:d7/0a:00:01:00:00/40 tag 10 ncq dma 1310720 ou
                                    res 40/00:cc:00:aa:d6/00:00:01:00:00/40 Emask 0x10 (ATA bus error)
[Sat May  6 09:51:53 2023] ata5.00: status: { DRDY }
[Sat May  6 09:51:53 2023] ata5.00: failed command: WRITE FPDMA QUEUED
[Sat May  6 09:51:53 2023] ata5.00: cmd 61/00:b8:00:a0:d6/0a:00:01:00:00/40 tag 23 ncq dma 1310720 ou
                                    res 40/00:cc:00:aa:d6/00:00:01:00:00/40 Emask 0x10 (ATA bus error)
[Sat May  6 09:51:53 2023] ata5.00: status: { DRDY }
[Sat May  6 09:51:53 2023] ata5.00: failed command: WRITE FPDMA QUEUED
[Sat May  6 09:51:53 2023] ata5.00: cmd 61/00:c8:00:aa:d6/06:00:01:00:00/40 tag 25 ncq dma 786432 out
                                    res 40/00:cc:00:aa:d6/00:00:01:00:00/40 Emask 0x10 (ATA bus error)
[Sat May  6 09:51:53 2023] ata5.00: status: { DRDY }
[Sat May  6 09:51:53 2023] ata5.00: failed command: WRITE FPDMA QUEUED
[Sat May  6 09:51:53 2023] ata5.00: cmd 61/00:d0:00:b0:d6/0a:00:01:00:00/40 tag 26 ncq dma 1310720 ou
                                    res 40/00:cc:00:aa:d6/00:00:01:00:00/40 Emask 0x10 (ATA bus error)
[Sat May  6 09:51:53 2023] ata5.00: status: { DRDY }
[Sat May  6 09:51:53 2023] ata5.00: failed command: WRITE FPDMA QUEUED
[Sat May  6 09:51:53 2023] ata5.00: cmd 61/00:d8:00:ba:d6/06:00:01:00:00/40 tag 27 ncq dma 786432 out
                                    res 40/00:cc:00:aa:d6/00:00:01:00:00/40 Emask 0x10 (ATA bus error)
[Sat May  6 09:51:53 2023] ata5.00: status: { DRDY }
[Sat May  6 09:51:53 2023] ata5.00: failed command: WRITE FPDMA QUEUED
[Sat May  6 09:51:53 2023] ata5.00: cmd 61/00:e0:00:c0:d6/0a:00:01:00:00/40 tag 28 ncq dma 1310720 ou
                                    res 40/00:cc:00:aa:d6/00:00:01:00:00/40 Emask 0x10 (ATA bus error)
[Sat May  6 09:51:53 2023] ata5.00: status: { DRDY }
[Sat May  6 09:51:53 2023] ata5.00: failed command: WRITE FPDMA QUEUED
[Sat May  6 09:51:53 2023] ata5.00: cmd 61/00:e8:00:ca:d6/06:00:01:00:00/40 tag 29 ncq dma 786432 out
                                    res 40/00:cc:00:aa:d6/00:00:01:00:00/40 Emask 0x10 (ATA bus error)
[Sat May  6 09:51:53 2023] ata5.00: status: { DRDY }
[Sat May  6 09:51:53 2023] ata5.00: failed command: WRITE FPDMA QUEUED
[Sat May  6 09:51:53 2023] ata5.00: cmd 61/00:f0:00:d0:d6/0a:00:01:00:00/40 tag 30 ncq dma 1310720 ou
                                    res 40/00:cc:00:aa:d6/00:00:01:00:00/40 Emask 0x10 (ATA bus error)
[Sat May  6 09:51:53 2023] ata5.00: status: { DRDY }
[Sat May  6 09:51:53 2023] ata5: hard resetting link
[Sat May  6 09:51:53 2023] ata5: SATA link up 6.0 Gbps (SStatus 133 SControl 300)
[Sat May  6 09:51:53 2023] ata5.00: ACPI cmd ef/10:06:00:00:00:00 (SET FEATURES) succeeded
[Sat May  6 09:51:53 2023] ata5.00: ACPI cmd f5/00:00:00:00:00:00 (SECURITY FREEZE LOCK) filtered out
[Sat May  6 09:51:53 2023] ata5.00: ACPI cmd b1/c1:00:00:00:00:00 (DEVICE CONFIGURATION OVERLAY) filtered out
[Sat May  6 09:51:53 2023] ata5.00: ACPI cmd ef/10:06:00:00:00:00 (SET FEATURES) succeeded
[Sat May  6 09:51:53 2023] ata5.00: ACPI cmd f5/00:00:00:00:00:00 (SECURITY FREEZE LOCK) filtered out
[Sat May  6 09:51:53 2023] ata5.00: ACPI cmd b1/c1:00:00:00:00:00 (DEVICE CONFIGURATION OVERLAY) filtered out
[Sat May  6 09:51:53 2023] ata5.00: configured for UDMA/133
[Sat May  6 09:51:53 2023] ata5: EH complete
[Sat May  6 09:51:53 2023] ata5.00: exception Emask 0x10 SAct 0x1fffe0 SErr 0x400100 action 0x6 frozen
[Sat May  6 09:51:53 2023] ata5.00: irq_stat 0x08000000, interface fatal error
[Sat May  6 09:51:53 2023] ata5: SError: { UnrecovData Handshk }
[Sat May  6 09:51:53 2023] ata5.00: failed command: WRITE FPDMA QUEUED
[Sat May  6 09:51:53 2023] ata5.00: cmd 61/00:28:00:c0:d6/0a:00:01:00:00/40 tag 5 ncq dma 1310720 ou
                                    res 40/00:a4:00:da:d6/00:00:01:00:00/40 Emask 0x10 (ATA bus error)
[Sat May  6 09:51:53 2023] ata5.00: status: { DRDY }
[Sat May  6 09:51:53 2023] ata5.00: failed command: WRITE FPDMA QUEUED
[Sat May  6 09:51:53 2023] ata5.00: cmd 61/00:30:00:ba:d6/06:00:01:00:00/40 tag 6 ncq dma 786432 out
                                    res 40/00:a4:00:da:d6/00:00:01:00:00/40 Emask 0x10 (ATA bus error)
[Sat May  6 09:51:53 2023] ata5.00: status: { DRDY }
[Sat May  6 09:51:53 2023] ata5.00: failed command: WRITE FPDMA QUEUED
[Sat May  6 09:51:53 2023] ata5.00: cmd 61/00:38:00:b0:d6/0a:00:01:00:00/40 tag 7 ncq dma 1310720 ou
                                    res 40/00:a4:00:da:d6/00:00:01:00:00/40 Emask 0x10 (ATA bus error)
[Sat May  6 09:51:53 2023] ata5.00: status: { DRDY }
[Sat May  6 09:51:53 2023] ata5.00: failed command: WRITE FPDMA QUEUED
[Sat May  6 09:51:53 2023] ata5.00: cmd 61/00:40:00:aa:d6/06:00:01:00:00/40 tag 8 ncq dma 786432 out
                                    res 40/00:a4:00:da:d6/00:00:01:00:00/40 Emask 0x10 (ATA bus error)
[Sat May  6 09:51:53 2023] ata5.00: status: { DRDY }
[Sat May  6 09:51:53 2023] ata5.00: failed command: WRITE FPDMA QUEUED
[Sat May  6 09:51:53 2023] ata5.00: cmd 61/00:48:00:a0:d6/0a:00:01:00:00/40 tag 9 ncq dma 1310720 ou
                                    res 40/00:a4:00:da:d6/00:00:01:00:00/40 Emask 0x10 (ATA bus error)
[Sat May  6 09:51:53 2023] ata5.00: status: { DRDY }
[Sat May  6 09:51:53 2023] ata5.00: failed command: WRITE FPDMA QUEUED
[Sat May  6 09:51:53 2023] ata5.00: cmd 61/00:50:00:20:d7/0a:00:01:00:00/40 tag 10 ncq dma 1310720 ou
                                    res 40/00:a4:00:da:d6/00:00:01:00:00/40 Emask 0x10 (ATA bus error)
[Sat May  6 09:51:53 2023] ata5.00: status: { DRDY }
[Sat May  6 09:51:53 2023] ata5.00: failed command: WRITE FPDMA QUEUED
[Sat May  6 09:51:53 2023] ata5.00: cmd 61/00:58:00:1a:d7/06:00:01:00:00/40 tag 11 ncq dma 786432 out
                                    res 40/00:a4:00:da:d6/00:00:01:00:00/40 Emask 0x10 (ATA bus error)
[Sat May  6 09:51:53 2023] ata5.00: status: { DRDY }
[Sat May  6 09:51:53 2023] ata5.00: failed command: WRITE FPDMA QUEUED
[Sat May  6 09:51:53 2023] ata5.00: cmd 61/00:60:00:10:d7/0a:00:01:00:00/40 tag 12 ncq dma 1310720 ou
                                    res 40/00:a4:00:da:d6/00:00:01:00:00/40 Emask 0x10 (ATA bus error)
[Sat May  6 09:51:53 2023] ata5.00: status: { DRDY }
[Sat May  6 09:51:53 2023] ata5.00: failed command: WRITE FPDMA QUEUED
[Sat May  6 09:51:53 2023] ata5.00: cmd 61/00:68:00:0a:d7/06:00:01:00:00/40 tag 13 ncq dma 786432 out
                                    res 40/00:a4:00:da:d6/00:00:01:00:00/40 Emask 0x10 (ATA bus error)
[Sat May  6 09:51:53 2023] ata5.00: status: { DRDY }
[Sat May  6 09:51:53 2023] ata5.00: failed command: WRITE FPDMA QUEUED
[Sat May  6 09:51:53 2023] ata5.00: cmd 61/00:70:00:00:d7/0a:00:01:00:00/40 tag 14 ncq dma 1310720 ou
                                    res 40/00:a4:00:da:d6/00:00:01:00:00/40 Emask 0x10 (ATA bus error)
[Sat May  6 09:51:53 2023] ata5.00: status: { DRDY }
[Sat May  6 09:51:53 2023] ata5.00: failed command: WRITE FPDMA QUEUED
[Sat May  6 09:51:53 2023] ata5.00: cmd 61/58:78:a8:fc:d6/03:00:01:00:00/40 tag 15 ncq dma 438272 out
                                    res 40/00:a4:00:da:d6/00:00:01:00:00/40 Emask 0x10 (ATA bus error)
[Sat May  6 09:51:53 2023] ata5.00: status: { DRDY }
[Sat May  6 09:51:53 2023] ata5.00: failed command: WRITE FPDMA QUEUED
[Sat May  6 09:51:53 2023] ata5.00: cmd 61/60:80:48:f5:d6/07:00:01:00:00/40 tag 16 ncq dma 966656 out
                                    res 40/00:a4:00:da:d6/00:00:01:00:00/40 Emask 0x10 (ATA bus error)
[Sat May  6 09:51:53 2023] ata5.00: status: { DRDY }
[Sat May  6 09:51:53 2023] ata5.00: failed command: WRITE FPDMA QUEUED
[Sat May  6 09:51:53 2023] ata5.00: cmd 61/48:88:00:f0:d6/05:00:01:00:00/40 tag 17 ncq dma 692224 out
                                    res 40/00:a4:00:da:d6/00:00:01:00:00/40 Emask 0x10 (ATA bus error)
[Sat May  6 09:51:53 2023] ata5.00: status: { DRDY }
[Sat May  6 09:51:53 2023] ata5.00: failed command: WRITE FPDMA QUEUED
[Sat May  6 09:51:53 2023] ata5.00: cmd 61/00:90:00:ea:d6/06:00:01:00:00/40 tag 18 ncq dma 786432 out
                                    res 40/00:a4:00:da:d6/00:00:01:00:00/40 Emask 0x10 (ATA bus error)
[Sat May  6 09:51:53 2023] ata5.00: status: { DRDY }
[Sat May  6 09:51:53 2023] ata5.00: failed command: WRITE FPDMA QUEUED
[Sat May  6 09:51:53 2023] ata5.00: cmd 61/00:98:00:e0:d6/0a:00:01:00:00/40 tag 19 ncq dma 1310720 ou
                                    res 40/00:a4:00:da:d6/00:00:01:00:00/40 Emask 0x10 (ATA bus error)
[Sat May  6 09:51:53 2023] ata5.00: status: { DRDY }
[Sat May  6 09:51:53 2023] ata5.00: failed command: WRITE FPDMA QUEUED
[Sat May  6 09:51:53 2023] ata5.00: cmd 61/00:a0:00:da:d6/06:00:01:00:00/40 tag 20 ncq dma 786432 out
                                    res 40/00:a4:00:da:d6/00:00:01:00:00/40 Emask 0x10 (ATA bus error)
[Sat May  6 09:51:53 2023] ata5.00: status: { DRDY }
[Sat May  6 09:51:53 2023] ata5: hard resetting link
[Sat May  6 09:51:54 2023] ata5: SATA link up 6.0 Gbps (SStatus 133 SControl 300)
[Sat May  6 09:51:54 2023] ata5.00: ACPI cmd ef/10:06:00:00:00:00 (SET FEATURES) succeeded
[Sat May  6 09:51:54 2023] ata5.00: ACPI cmd f5/00:00:00:00:00:00 (SECURITY FREEZE LOCK) filtered out
[Sat May  6 09:51:54 2023] ata5.00: ACPI cmd b1/c1:00:00:00:00:00 (DEVICE CONFIGURATION OVERLAY) filtered out
[Sat May  6 09:51:54 2023] ata5.00: ACPI cmd ef/10:06:00:00:00:00 (SET FEATURES) succeeded
[Sat May  6 09:51:54 2023] ata5.00: ACPI cmd f5/00:00:00:00:00:00 (SECURITY FREEZE LOCK) filtered out
[Sat May  6 09:51:54 2023] ata5.00: ACPI cmd b1/c1:00:00:00:00:00 (DEVICE CONFIGURATION OVERLAY) filtered out
[Sat May  6 09:51:54 2023] ata5.00: configured for UDMA/133
[Sat May  6 09:51:54 2023] ata5: EH complete
[Sat May  6 09:52:01 2023] ata5.00: exception Emask 0x10 SAct 0x7e00009f SErr 0x400100 action 0x6 frozen
[Sat May  6 09:52:01 2023] ata5.00: irq_stat 0x08000000, interface fatal error
[Sat May  6 09:52:01 2023] ata5: SError: { UnrecovData Handshk }
[Sat May  6 09:52:01 2023] ata5.00: failed command: WRITE FPDMA QUEUED
[Sat May  6 09:52:01 2023] ata5.00: cmd 61/00:00:00:a0:d8/0a:00:01:00:00/40 tag 0 ncq dma 1310720 ou
                                    res 40/00:d4:00:7a:d8/00:00:01:00:00/40 Emask 0x10 (ATA bus error)
[Sat May  6 09:52:01 2023] ata5.00: status: { DRDY }
[Sat May  6 09:52:01 2023] ata5.00: failed command: WRITE FPDMA QUEUED
[Sat May  6 09:52:01 2023] ata5.00: cmd 61/30:08:00:aa:d8/08:00:01:00:00/40 tag 1 ncq dma 1073152 ou
                                    res 40/00:d4:00:7a:d8/00:00:01:00:00/40 Emask 0x10 (ATA bus error)
[Sat May  6 09:52:01 2023] ata5.00: status: { DRDY }
[Sat May  6 09:52:01 2023] ata5.00: failed command: WRITE FPDMA QUEUED
[Sat May  6 09:52:01 2023] ata5.00: cmd 61/00:10:80:df:d8/0a:00:01:00:00/40 tag 2 ncq dma 1310720 ou
                                    res 40/00:d4:00:7a:d8/00:00:01:00:00/40 Emask 0x10 (ATA bus error)
[Sat May  6 09:52:01 2023] ata5.00: status: { DRDY }
[Sat May  6 09:52:01 2023] ata5.00: failed command: WRITE FPDMA QUEUED
[Sat May  6 09:52:01 2023] ata5.00: cmd 61/00:18:80:e9:d8/06:00:01:00:00/40 tag 3 ncq dma 786432 out
                                    res 40/00:d4:00:7a:d8/00:00:01:00:00/40 Emask 0x10 (ATA bus error)
[Sat May  6 09:52:01 2023] ata5.00: status: { DRDY }
[Sat May  6 09:52:01 2023] ata5.00: failed command: WRITE FPDMA QUEUED
[Sat May  6 09:52:01 2023] ata5.00: cmd 61/00:20:80:ef:d8/0a:00:01:00:00/40 tag 4 ncq dma 1310720 ou
                                    res 40/00:d4:00:7a:d8/00:00:01:00:00/40 Emask 0x10 (ATA bus error)
[Sat May  6 09:52:01 2023] ata5.00: status: { DRDY }
[Sat May  6 09:52:01 2023] ata5.00: failed command: READ FPDMA QUEUED
[Sat May  6 09:52:01 2023] ata5.00: cmd 60/08:38:40:85:6b/00:00:0b:00:00/40 tag 7 ncq dma 4096 in
                                    res 40/00:d4:00:7a:d8/00:00:01:00:00/40 Emask 0x10 (ATA bus error)
[Sat May  6 09:52:01 2023] ata5.00: status: { DRDY }
[Sat May  6 09:52:01 2023] ata5.00: failed command: WRITE FPDMA QUEUED
[Sat May  6 09:52:01 2023] ata5.00: cmd 61/00:c8:00:70:d8/0a:00:01:00:00/40 tag 25 ncq dma 1310720 ou
                                    res 40/00:d4:00:7a:d8/00:00:01:00:00/40 Emask 0x10 (ATA bus error)
[Sat May  6 09:52:01 2023] ata5.00: status: { DRDY }
[Sat May  6 09:52:01 2023] ata5.00: failed command: WRITE FPDMA QUEUED
[Sat May  6 09:52:01 2023] ata5.00: cmd 61/00:d0:00:7a:d8/06:00:01:00:00/40 tag 26 ncq dma 786432 out
                                    res 40/00:d4:00:7a:d8/00:00:01:00:00/40 Emask 0x10 (ATA bus error)
[Sat May  6 09:52:01 2023] ata5.00: status: { DRDY }
[Sat May  6 09:52:01 2023] ata5.00: failed command: WRITE FPDMA QUEUED
[Sat May  6 09:52:01 2023] ata5.00: cmd 61/00:d8:00:80:d8/0a:00:01:00:00/40 tag 27 ncq dma 1310720 ou
                                    res 40/00:d4:00:7a:d8/00:00:01:00:00/40 Emask 0x10 (ATA bus error)
[Sat May  6 09:52:01 2023] ata5.00: status: { DRDY }
[Sat May  6 09:52:01 2023] ata5.00: failed command: WRITE FPDMA QUEUED
[Sat May  6 09:52:01 2023] ata5.00: cmd 61/00:e0:00:8a:d8/06:00:01:00:00/40 tag 28 ncq dma 786432 out
                                    res 40/00:d4:00:7a:d8/00:00:01:00:00/40 Emask 0x10 (ATA bus error)
[Sat May  6 09:52:01 2023] ata5.00: status: { DRDY }
[Sat May  6 09:52:01 2023] ata5.00: failed command: WRITE FPDMA QUEUED
[Sat May  6 09:52:01 2023] ata5.00: cmd 61/00:e8:00:90:d8/0a:00:01:00:00/40 tag 29 ncq dma 1310720 ou
                                    res 40/00:d4:00:7a:d8/00:00:01:00:00/40 Emask 0x10 (ATA bus error)
[Sat May  6 09:52:01 2023] ata5.00: status: { DRDY }
[Sat May  6 09:52:01 2023] ata5.00: failed command: WRITE FPDMA QUEUED
[Sat May  6 09:52:01 2023] ata5.00: cmd 61/00:f0:00:9a:d8/06:00:01:00:00/40 tag 30 ncq dma 786432 out
                                    res 40/00:d4:00:7a:d8/00:00:01:00:00/40 Emask 0x10 (ATA bus error)
[Sat May  6 09:52:01 2023] ata5.00: status: { DRDY }
[Sat May  6 09:52:01 2023] ata5: hard resetting link
[Sat May  6 09:52:02 2023] ata5: SATA link up 6.0 Gbps (SStatus 133 SControl 300)
[Sat May  6 09:52:02 2023] ata5.00: ACPI cmd ef/10:06:00:00:00:00 (SET FEATURES) succeeded
[Sat May  6 09:52:02 2023] ata5.00: ACPI cmd f5/00:00:00:00:00:00 (SECURITY FREEZE LOCK) filtered out
[Sat May  6 09:52:02 2023] ata5.00: ACPI cmd b1/c1:00:00:00:00:00 (DEVICE CONFIGURATION OVERLAY) filtered out
[Sat May  6 09:52:02 2023] ata5.00: ACPI cmd ef/10:06:00:00:00:00 (SET FEATURES) succeeded
[Sat May  6 09:52:02 2023] ata5.00: ACPI cmd f5/00:00:00:00:00:00 (SECURITY FREEZE LOCK) filtered out
[Sat May  6 09:52:02 2023] ata5.00: ACPI cmd b1/c1:00:00:00:00:00 (DEVICE CONFIGURATION OVERLAY) filtered out
[Sat May  6 09:52:02 2023] ata5.00: configured for UDMA/133
[Sat May  6 09:52:02 2023] sd 4:0:0:0: [sda] tag#7 FAILED Result: hostbyte=DID_OK driverbyte=DRIVER_SENSE cmd_age=1s
[Sat May  6 09:52:02 2023] sd 4:0:0:0: [sda] tag#7 Sense Key : Illegal Request [current] 
[Sat May  6 09:52:02 2023] sd 4:0:0:0: [sda] tag#7 Add. Sense: Unaligned write command
[Sat May  6 09:52:02 2023] sd 4:0:0:0: [sda] tag#7 CDB: Read(10) 28 00 0b 6b 85 40 00 00 08 00
[Sat May  6 09:52:02 2023] blk_update_request: I/O error, dev sda, sector 191595840 op 0x0:(READ) flags 0x80700 phys_seg 1 prio class 0
[Sat May  6 09:52:02 2023] ata5: EH complete
[Sat May  6 09:52:03 2023] ata5: limiting SATA link speed to 3.0 Gbps
[Sat May  6 09:52:03 2023] ata5.00: exception Emask 0x10 SAct 0x40300 SErr 0x400100 action 0x6 frozen
[Sat May  6 09:52:03 2023] ata5.00: irq_stat 0x08000000, interface fatal error
[Sat May  6 09:52:03 2023] ata5: SError: { UnrecovData Handshk }
[Sat May  6 09:52:03 2023] ata5.00: failed command: WRITE FPDMA QUEUED
[Sat May  6 09:52:03 2023] ata5.00: cmd 61/00:40:80:ff:d8/0a:00:01:00:00/40 tag 8 ncq dma 1310720 ou
                                    res 40/00:94:f8:a5:ed/00:00:05:00:00/40 Emask 0x10 (ATA bus error)
[Sat May  6 09:52:03 2023] ata5.00: status: { DRDY }
[Sat May  6 09:52:03 2023] ata5.00: failed command: WRITE FPDMA QUEUED
[Sat May  6 09:52:03 2023] ata5.00: cmd 61/80:48:80:09:d9/06:00:01:00:00/40 tag 9 ncq dma 851968 out
                                    res 40/00:94:f8:a5:ed/00:00:05:00:00/40 Emask 0x10 (ATA bus error)
[Sat May  6 09:52:03 2023] ata5.00: status: { DRDY }
[Sat May  6 09:52:03 2023] ata5.00: failed command: WRITE FPDMA QUEUED
[Sat May  6 09:52:03 2023] ata5.00: cmd 61/60:90:f8:a5:ed/00:00:05:00:00/40 tag 18 ncq dma 49152 out
                                    res 40/00:94:f8:a5:ed/00:00:05:00:00/40 Emask 0x10 (ATA bus error)
[Sat May  6 09:52:03 2023] ata5.00: status: { DRDY }
[Sat May  6 09:52:03 2023] ata5: hard resetting link
[Sat May  6 09:52:04 2023] ata5: SATA link up 3.0 Gbps (SStatus 123 SControl 320)
[Sat May  6 09:52:04 2023] ata5.00: ACPI cmd ef/10:06:00:00:00:00 (SET FEATURES) succeeded
[Sat May  6 09:52:04 2023] ata5.00: ACPI cmd f5/00:00:00:00:00:00 (SECURITY FREEZE LOCK) filtered out
[Sat May  6 09:52:04 2023] ata5.00: ACPI cmd b1/c1:00:00:00:00:00 (DEVICE CONFIGURATION OVERLAY) filtered out
[Sat May  6 09:52:04 2023] ata5.00: ACPI cmd ef/10:06:00:00:00:00 (SET FEATURES) succeeded
[Sat May  6 09:52:04 2023] ata5.00: ACPI cmd f5/00:00:00:00:00:00 (SECURITY FREEZE LOCK) filtered out
[Sat May  6 09:52:04 2023] ata5.00: ACPI cmd b1/c1:00:00:00:00:00 (DEVICE CONFIGURATION OVERLAY) filtered out
[Sat May  6 09:52:04 2023] ata5.00: configured for UDMA/133
[Sat May  6 09:52:04 2023] ata5: EH complete
